Component: ARM Compiler 5.06 update 5 (build 528) Tool: armlink [4d35e2]

==============================================================================

Section Cross References

    boot_vectors.o(RESET) refers to boot_vectors.o(STACK) for __initial_sp
    boot_vectors.o(RESET) refers to boot_vectors.o(.text) for Reset_Handler
    boot_vectors.o(RESET) refers to rwble.o(.text) for BLE_WAKEUP_LP_Handler
    boot_vectors.o(RESET) refers to pwm.o(.text) for SWTIM_Handler
    boot_vectors.o(RESET) refers to uart.o(.text) for UART_Handler
    boot_vectors.o(RESET) refers to gpio.o(.text) for GPIO0_Handler
    boot_vectors.o(.text) refers to system_armcm0.o(.text) for SystemInit
    boot_vectors.o(.text) refers to entry.o(.ARM.Collect$$$$00000000) for __main
    boot_vectors.o(.text) refers to nmi_handler.o(.text) for NMI_HandlerC
    boot_vectors.o(.text) refers to hardfault_handler.o(.text) for HardFault_HandlerC
    boot_vectors.o(.text) refers to arch_main.o(.text) for SVC_Handler_c
    arch_main.o(.text) refers to arch_system.o(.text) for set_sleep_delay
    arch_main.o(.text) refers to gpio.o(i.GPIO_GetPinStatus) for GPIO_GetPinStatus
    arch_main.o(.text) refers to uart.o(.text) for printf_string
    arch_main.o(.text) refers to gpio.o(i.GPIO_SetActive) for GPIO_SetActive
    arch_main.o(.text) refers to app_throughput_peripheral_proj.o(.text) for motor_reset_handleEx
    arch_main.o(.text) refers to periph_setup.o(.text) for delay_us
    arch_main.o(.text) refers to gpio.o(i.GPIO_SetInactive) for GPIO_SetInactive
    arch_main.o(.text) refers to gpio.o(i.GPIO_init) for GPIO_init
    arch_main.o(.text) refers to spi_flash.o(.text) for spi_read_flash_unique_id
    arch_main.o(.text) refers to gpio.o(i.GPIO_ConfigurePin) for GPIO_ConfigurePin
    arch_main.o(.text) refers to arch_main.o(.constdata) for .constdata
    arch_main.o(.text) refers to arch_main.o(.bss) for .bss
    arch_main.o(.text) refers to arch_main.o(.data) for .data
    arch_main.o(.text) refers to app_throughput_peripheral_proj.o(.bss) for ResetCnt
    arch_main.o(.text) refers to pwm.o(.bss) for iSecCount
    arch_main.o(.text) refers to gpio.o(.bss) for count_present
    arch_main.o(.text) refers to arch_main.o(retention_mem_area0) for retention_mem_area0
    arch_main.o(.text) refers to nvds.o(nvds_data_storage_area) for nvds_data_storage
    arch_main.o(.text) refers to nvds.o(.text) for nvds_read_bdaddr_from_otp
    arch_main.o(.text) refers to rf_580.o(.text) for iq_trim_from_otp
    arch_main.o(.text) refers to arch_sleep.o(.text) for app_disable_sleep
    arch_main.o(.text) refers to app.o(.text) for app_init
    arch_main.o(.text) refers to rwip.o(.text) for rwip_sleep
    arch_main.o(.text) refers to arch_main.o(BLE_exchange_memory) for BLE_exchange_memory
    arch_main.o(.text) refers to arch_system.o(retention_mem_area0) for lp_clk_sel
    arch_main.o(.text) refers to jump_table.o(jump_table_mem_area) for jump_table_base
    arch_main.o(.text) refers to ddiv.o(.text) for __aeabi_ddiv
    arch_main.o(.text) refers to dfixui.o(.text) for __aeabi_d2uiz
    arch_main.o(.text) refers to periph_setup.o(.bss) for alarm_temp
    arch_main.o(.text) refers to periph_setup.o(.data) for alarm_sta
    arch_main.o(.text) refers to prf_utils.o(.text) for prf_server_send_event
    arch_main.o(.text) refers to app_throughput_peripheral_proj.o(.bss) for uBatRemainPercentMA
    arch_main.o(.text) refers to app.o(.bss) for M10_Master_conready
    arch_main.o(.text) refers to streamdatad.o(.bss) for streamdatad_env
    arch_main.o(.constdata) refers to arch_main.o(.text) for cmp_abs_time
    arch_main.o(.constdata) refers to atts_task.obj(.text) for l2cc_pdu_recv_ind_handler
    arch_main.o(.constdata) refers to smpc.obj(.text) for smpc_send_pairing_req_ind
    arch_main.o(.constdata) refers to smpc_task.obj(.text) for smpc_pairing_cfm_handler
    arch_main.o(.constdata) refers to ch_map.obj(.text) for my_llc_con_update_req_ind
    arch_main.o(.constdata) refers to gapm_util.obj(.text) for patched_gapm_adv_op_sanity
    arch_main.o(.data) refers to arch_main.o(.bss) for txBuffer
    jump_table.o(jump_table_mem_area) refers to arch_main.o(.text) for main_func
    jump_table.o(jump_table_mem_area) refers to rf_580.o(.text) for rf_init_func
    jump_table.o(jump_table_mem_area) refers to prf_utils.o(.text) for prf_init_func
    jump_table.o(jump_table_mem_area) refers to arch_system.o(.text) for uart_flow_off_func
    jump_table.o(jump_table_mem_area) refers to rwble.o(.text) for lld_sleep_compensate_func_patched
    jump_table.o(jump_table_mem_area) refers to jump_table.o(heap_mem_area_not_ret) for rwip_heap_non_ret
    jump_table.o(jump_table_mem_area) refers to jump_table.o(heap_env_area) for rwip_heap_env_ret
    jump_table.o(jump_table_mem_area) refers to jump_table.o(heap_db_area) for rwip_heap_db_ret
    jump_table.o(jump_table_mem_area) refers to jump_table.o(heap_msg_area) for rwip_heap_msg_ret
[...]
    init_pwr_and_clk_ble                     0x20001d11   Thumb Code   196  arch_system.o(.text)
    set_pxact_gpio                           0x20001dd5   Thumb Code    24  arch_system.o(.text)
    calibrate_rcx20                          0x20001ded   Thumb Code    28  arch_system.o(.text)
    read_rcx_freq                            0x20001e09   Thumb Code   104  arch_system.o(.text)
    set_sleep_delay                          0x20001e71   Thumb Code    40  arch_system.o(.text)
    get_rc16m_count_func                     0x20001e99   Thumb Code    28  arch_system.o(.text)
    conditionally_run_radio_cals             0x20001eb5   Thumb Code    82  arch_system.o(.text)
    lld_sleep_us_2_lpcycles_rcx_func         0x20001f07   Thumb Code    18  arch_system.o(.text)
    lld_sleep_lpcycles_2_us_rcx_func         0x20001f19   Thumb Code    14  arch_system.o(.text)
    lld_sleep_us_2_lpcycles_sel_func         0x20001f27   Thumb Code    24  arch_system.o(.text)
    lld_sleep_lpcycles_2_us_sel_func         0x20001f3f   Thumb Code    24  arch_system.o(.text)
    uart_flow_off_func                       0x20001f57   Thumb Code    58  arch_system.o(.text)
    calculate_arch_adv_time                  0x20001f91   Thumb Code    12  arch_system.o(.text)
    iq_trim_from_otp                         0x20001fdd   Thumb Code    54  rf_580.o(.text)
    rf_reg_rd                                0x20002013   Thumb Code     4  rf_580.o(.text)
    rf_reg_wr                                0x20002017   Thumb Code     2  rf_580.o(.text)
    rf_reset                                 0x20002019   Thumb Code     2  rf_580.o(.text)
    rf_force_agc_enable                      0x2000201b   Thumb Code     2  rf_580.o(.text)
    rf_txpwr_dbm_get                         0x2000201d   Thumb Code     4  rf_580.o(.text)
    rf_regs                                  0x20002031   Thumb Code   214  rf_580.o(.text)
    rf_init_func                             0x2000210b   Thumb Code   138  rf_580.o(.text)
    rf_reinit_func                           0x20002195   Thumb Code   128  rf_580.o(.text)
    GPIOn_Handler                            0x200022c5   Thumb Code    40  gpio.o(.text)
    GPIO0_Handler                            0x200022ed   Thumb Code     4  gpio.o(.text)
    GPIO1_Handler                            0x200022f1   Thumb Code    28  gpio.o(.text)
    GPIO2_Handler                            0x2000230d   Thumb Code     4  gpio.o(.text)
    GPIO3_Handler                            0x20002311   Thumb Code     4  gpio.o(.text)
    GPIO4_Handler                            0x20002315   Thumb Code     4  gpio.o(.text)
    uart_init                                0x20002325   Thumb Code    66  uart.o(.text)
    uart_receive_byte                        0x20002367   Thumb Code    14  uart.o(.text)
    uart_send_byte                           0x20002375   Thumb Code    12  uart.o(.text)
    printf_string                            0x20002381   Thumb Code    20  uart.o(.text)
    printf_byte                              0x20002395   Thumb Code    46  uart.o(.text)
    print_hword                              0x200023c3   Thumb Code    18  uart.o(.text)
    print_word                               0x200023d5   Thumb Code    34  uart.o(.text)
    UART_Handler                             0x200023f7   Thumb Code    60  uart.o(.text)
    timer0_init                              0x20002445   Thumb Code    62  pwm.o(.text)
    timer0_set                               0x20002483   Thumb Code    10  pwm.o(.text)
    timer0_enable_irq                        0x2000248d   Thumb Code    10  pwm.o(.text)
    timer0_disable_irq                       0x20002497   Thumb Code    12  pwm.o(.text)
    SWTIM_Handler                            0x200024a3   Thumb Code   166  pwm.o(.text)
    timer2_init                              0x20002549   Thumb Code    32  pwm.o(.text)
    adc_init                                 0x20002585   Thumb Code    28  adc.o(.text)
    adc_enable_channel                       0x200025a1   Thumb Code    20  adc.o(.text)
    adc_disable                              0x200025b5   Thumb Code     8  adc.o(.text)
    adc_get_sample                           0x200025bd   Thumb Code    30  adc.o(.text)
    adc_usDelay                              0x200025db   Thumb Code    30  adc.o(.text)
    adc_get_vbat_sample                      0x200025f9   Thumb Code    88  adc.o(.text)
    adc_calibrate                            0x20002651   Thumb Code    76  adc.o(.text)
    spi_cs_low                               0x200026ad   Thumb Code    14  spi.o(.text)
    spi_cs_high                              0x200026bb   Thumb Code    14  spi.o(.text)
    spi_init                                 0x200026c9   Thumb Code   138  spi.o(.text)
    spi_set_bitmode                          0x20002753   Thumb Code    34  spi.o(.text)
    spi_release                              0x20002775   Thumb Code    38  spi.o(.text)
    spi_disable                              0x2000279b   Thumb Code    12  spi.o(.text)
    spi_access                               0x200027a7   Thumb Code    46  spi.o(.text)
    spi_transaction                          0x200027d5   Thumb Code    24  spi.o(.text)
    spi_flash_init                           0x200027f5   Thumb Code     8  spi_flash.o(.text)
    spi_flash_read_status_reg                0x200027fd   Thumb Code    20  spi_flash.o(.text)
    spi_flash_wait_till_ready                0x20002811   Thumb Code    26  spi_flash.o(.text)
    spi_read_flash_jedec_id                  0x2000282b   Thumb Code    60  spi_flash.o(.text)
    spi_flash_auto_detect                    0x20002867   Thumb Code    76  spi_flash.o(.text)
    spi_flash_set_write_enable               0x200028b3   Thumb Code    60  spi_flash.o(.text)
    spi_flash_write_enable_volatile          0x200028ef   Thumb Code    60  spi_flash.o(.text)
    spi_flash_set_write_disable              0x2000292b   Thumb Code    52  spi_flash.o(.text)
    spi_flash_write_status_reg               0x2000295f   Thumb Code    32  spi_flash.o(.text)
    spi_flash_read_data                      0x2000297f   Thumb Code    86  spi_flash.o(.text)
    spi_flash_page_program                   0x200029d5   Thumb Code    90  spi_flash.o(.text)
    spi_flash_block_erase                    0x20002a2f   Thumb Code    40  spi_flash.o(.text)
    spi_flash_chip_erase                     0x20002a57   Thumb Code    36  spi_flash.o(.text)
    TO_BE_IMPLEMENTED_spi_flash_check_erase  0x20002a7b   Thumb Code     6  spi_flash.o(.text)
    spi_read_flash_memory_man_and_dev_id     0x20002a81   Thumb Code    50  spi_flash.o(.text)
    spi_read_flash_unique_id                 0x20002ab3   Thumb Code    72  spi_flash.o(.text)
    spi_flash_write_data                     0x20002afb   Thumb Code   110  spi_flash.o(.text)
    spi_flash_power_down                     0x20002b69   Thumb Code    24  spi_flash.o(.text)
    spi_flash_release_from_power_down        0x20002b81   Thumb Code    18  spi_flash.o(.text)
    spi_flash_configure_memory_protection    0x20002b93   Thumb Code    52  spi_flash.o(.text)
    spi_flash_chip_erase_forced              0x20002bc7   Thumb Code    40  spi_flash.o(.text)
    spi_flash_page_fill                      0x20002bef   Thumb Code    88  spi_flash.o(.text)
    spi_flash_fill                           0x20002c47   Thumb Code   106  spi_flash.o(.text)
    ke_task_init_func                        0x20002d47   Thumb Code    20  ke_task.obj(.text)
    my_llc_con_update_req_ind                0x20002d6d   Thumb Code   100  ch_map.obj(.text)
    my_llc_ch_map_req_ind                    0x20002dd1   Thumb Code    84  ch_map.obj(.text)
    l2cc_pdu_recv_ind_handler                0x20002e31   Thumb Code   232  atts_task.obj(.text)
    smpc_send_pairing_req_ind                0x20002f1d   Thumb Code   190  smpc.obj(.text)
    smpc_check_pairing_feat                  0x20002fdb   Thumb Code    38  smpc.obj(.text)
    smpc_pairing_cfm_handler                 0x20003009   Thumb Code   518  smpc_task.obj(.text)
    patched_gapm_adv_op_sanity               0x20003215   Thumb Code   208  gapm_util.obj(.text)
    custom_nvds_get_func                     0x20003395   Thumb Code   552  nvds.o(.text)
    nvds_read_bdaddr_from_otp                0x200035bd   Thumb Code    50  nvds.o(.text)
    rwip_sleep                               0x2000360d   Thumb Code   346  rwip.o(.text)
    lld_sleep_compensate_func_patched        0x20003795   Thumb Code    46  rwble.o(.text)
    BLE_WAKEUP_LP_Handler                    0x200037c3   Thumb Code   134  rwble.o(.text)
    BLE_CSCNT_Handler                        0x20003849   Thumb Code    12  rwble.o(.text)
    BLE_SLP_Handler                          0x20003855   Thumb Code    86  rwble.o(.text)
    BLE_RX_Handler                           0x200038ab   Thumb Code     8  rwble.o(.text)
    BLE_EVENT_Handler                        0x200038b3   Thumb Code    24  rwble.o(.text)
    BLE_RF_DIAG_Handler                      0x200038cb   Thumb Code    84  rwble.o(.text)
    prf_server_error_ind_send                0x20003949   Thumb Code    44  prf_utils.o(.text)
    prf_server_send_event                    0x20003975   Thumb Code    42  prf_utils.o(.text)
    prf_pack_date_time                       0x2000399f   Thumb Code    32  prf_utils.o(.text)
    prf_unpack_date_time                     0x200039bf   Thumb Code    34  prf_utils.o(.text)
    prf_init_func                            0x200039e1   Thumb Code    16  prf_utils.o(.text)
    prf_cleanup_func                         0x200039f1   Thumb Code   116  prf_utils.o(.text)
    streamdatad_init                         0x20003a89   Thumb Code    28  streamdatad.o(.text)
    spotar_init                              0x200040fd   Thumb Code    28  spotar.o(.text)
    spotar_patched_data_rcved                0x20004119   Thumb Code    38  spotar.o(.text)
    spotar_disable                           0x2000413f   Thumb Code    44  spotar.o(.text)
    diss_init                                0x20004275   Thumb Code    28  diss.o(.text)
    diss_compute_cfg_flag                    0x20004291   Thumb Code    38  diss.o(.text)
    diss_check_val_len                       0x200042b7   Thumb Code    42  diss.o(.text)
    diss_disable                             0x200042e1   Thumb Code    42  diss.o(.text)
    app_init                                 0x20004319   Thumb Code    62  app.o(.text)
    app_db_init                              0x20004357   Thumb Code     8  app.o(.text)
    app_disconnect                           0x2000435f   Thumb Code    34  app.o(.text)
    app_timer_set                            0x20004381   Thumb Code    24  app.o(.text)
    app_connect_confirm                      0x20004399   Thumb Code    82  app.o(.text)
    app_adv_start                            0x200043eb   Thumb Code    36  app.o(.text)
    app_adv_stop                             0x2000440f   Thumb Code    26  app.o(.text)
    app_param_update_start                   0x20004429   Thumb Code     8  app.o(.text)
    app_connect                              0x20004431   Thumb Code    62  app.o(.text)
    app_sec_gen_tk                           0x200044ad   Thumb Code    18  app_sec.o(.text)
    app_sec_gen_ltk                          0x200044bf   Thumb Code    74  app_sec.o(.text)
    app_sec_init                             0x20004509   Thumb Code    16  app_sec.o(.text)
    app_security_start                       0x20004519   Thumb Code    46  app_sec.o(.text)
    gapc_bond_req_ind_handler                0x2000455d   Thumb Code    82  app_sec_task.o(.text)
    gapc_bond_ind_handler                    0x200045af   Thumb Code    66  app_sec_task.o(.text)
    gapc_encrypt_req_ind_handler             0x200045f1   Thumb Code   120  app_sec_task.o(.text)
    gapc_encrypt_ind_handler                 0x20004669   Thumb Code    10  app_sec_task.o(.text)
    gapm_device_ready_ind_handler            0x20004681   Thumb Code    36  app_task.o(.text)
    gapm_cmp_evt_handler                     0x200046a5   Thumb Code   130  app_task.o(.text)
    gapc_connection_req_ind_handler          0x20004727   Thumb Code    32  app_task.o(.text)
    gapc_cmp_evt_handler                     0x20004747   Thumb Code    50  app_task.o(.text)
    gapc_disconnect_ind_handler              0x20004779   Thumb Code    12  app_task.o(.text)
    app_module_init_cmp_evt_handler          0x20004785   Thumb Code    36  app_task.o(.text)
    gapm_adv_report_ind_handler              0x200047a9   Thumb Code    12  app_task.o(.text)
    motor_handleEx                           0x200047bd   Thumb Code   182  app_throughput_peripheral_proj.o(.text)
    adc_timer_handle                         0x20004873   Thumb Code   270  app_throughput_peripheral_proj.o(.text)
    uart_handle                              0x20004981   Thumb Code    34  app_throughput_peripheral_proj.o(.text)
    motor_handle                             0x200049a3   Thumb Code   186  app_throughput_peripheral_proj.o(.text)
    motor_reset_handleEx                     0x20004a5d   Thumb Code    98  app_throughput_peripheral_proj.o(.text)
    motor_reset_handle                       0x20004abf   Thumb Code   132  app_throughput_peripheral_proj.o(.text)
    key_scan_handle                          0x20004b43   Thumb Code     4  app_throughput_peripheral_proj.o(.text)
    key_dispose_handle                       0x20004b47   Thumb Code     4  app_throughput_peripheral_proj.o(.text)
    app_init_func                            0x20004b4b   Thumb Code    12  app_throughput_peripheral_proj.o(.text)
    app_sec_init_func                        0x20004b57   Thumb Code     2  app_throughput_peripheral_proj.o(.text)
    app_connection_func                      0x20004b59   Thumb Code    58  app_throughput_peripheral_proj.o(.text)
    app_adv_func                             0x20004b93   Thumb Code   352  app_throughput_peripheral_proj.o(.text)
    app_disconnect_func                      0x20004cf3   Thumb Code    42  app_throughput_peripheral_proj.o(.text)
    app_db_init_func                         0x20004d1d   Thumb Code    62  app_throughput_peripheral_proj.o(.text)
    app_param_update_func                    0x20004d5b   Thumb Code     2  app_throughput_peripheral_proj.o(.text)
    app_configuration_func                   0x20004d5d   Thumb Code    22  app_throughput_peripheral_proj.o(.text)
    app_set_dev_config_complete_func         0x20004d73   Thumb Code    24  app_throughput_peripheral_proj.o(.text)
    app_update_params_rejected_func          0x20004d8b   Thumb Code     2  app_throughput_peripheral_proj.o(.text)
    app_update_params_complete_func          0x20004d8d   Thumb Code     2  app_throughput_peripheral_proj.o(.text)
    app_adv_undirect_complete                0x20004d8f   Thumb Code     2  app_throughput_peripheral_proj.o(.text)
    app_adv_direct_complete                  0x20004d91   Thumb Code     2  app_throughput_peripheral_proj.o(.text)
    app_db_init_complete_func                0x20004d93   Thumb Code     8  app_throughput_peripheral_proj.o(.text)
    app_scanning_completed_func              0x20004d9b   Thumb Code     2  app_throughput_peripheral_proj.o(.text)
    app_connect_func                         0x20004d9d   Thumb Code     2  app_throughput_peripheral_proj.o(.text)
    app_adv_report_ind_func                  0x20004d9f   Thumb Code     2  app_throughput_peripheral_proj.o(.text)
    app_connect_failed_func                  0x20004da1   Thumb Code     2  app_throughput_peripheral_proj.o(.text)
    app_send_pairing_rsp_func                0x20004da3   Thumb Code     2  app_throughput_peripheral_proj.o(.text)
    app_send_tk_exch_func                    0x20004da5   Thumb Code     2  app_throughput_peripheral_proj.o(.text)
    app_send_irk_exch_func                   0x20004da7   Thumb Code     2  app_throughput_peripheral_proj.o(.text)
    app_send_csrk_exch_func                  0x20004da9   Thumb Code     2  app_throughput_peripheral_proj.o(.text)
    app_send_ltk_exch_func                   0x20004dab   Thumb Code     2  app_throughput_peripheral_proj.o(.text)
    app_paired_func                          0x20004dad   Thumb Code     2  app_throughput_peripheral_proj.o(.text)
    app_validate_encrypt_req_func            0x20004daf   Thumb Code     4  app_throughput_peripheral_proj.o(.text)
    app_sec_encrypt_ind_func                 0x20004db3   Thumb Code     2  app_throughput_peripheral_proj.o(.text)
    app_sec_encrypt_complete_func            0x20004db5   Thumb Code     2  app_throughput_peripheral_proj.o(.text)
    app_mitm_passcode_entry_func             0x20004db7   Thumb Code     2  app_throughput_peripheral_proj.o(.text)
    app_ext_stats_report_send                0x20004db9   Thumb Code    10  app_throughput_peripheral_proj.o(.text)
    my_timer_handler                         0x20004dc3   Thumb Code   128  app_throughput_peripheral_proj.o(.text)
    app_stream_create_db                     0x20004e91   Thumb Code    24  app_streamdatad.o(.text)
    app_streamdatad_enable                   0x20004ea9   Thumb Code    30  app_streamdatad.o(.text)
    stream_create_db_cfm_handler             0x20004ed1   Thumb Code    38  app_streamdatad_task.o(.text)
    spotar_create_db_cfm_handler             0x20004ef9   Thumb Code    38  app_spotar_task.o(.text)
    spotar_patch_data_ind_handler            0x20004f1f   Thumb Code   144  app_spotar_task.o(.text)
    spotar_patch_mem_dev_ind_handler         0x20004faf   Thumb Code    26  app_spotar_task.o(.text)
    spotar_gpio_map_ind_handler              0x20004fc9   Thumb Code    58  app_spotar_task.o(.text)
    spotar_patch_len_ind_handler             0x20005003   Thumb Code    74  app_spotar_task.o(.text)
    app_spotar_init                          0x20005059   Thumb Code    24  app_spotar.o(.text)
    app_spotar_reset                         0x20005071   Thumb Code    12  app_spotar.o(.text)
    app_spotar_create_db                     0x2000507d   Thumb Code    24  app_spotar.o(.text)
    app_spotar_enable                        0x20005095   Thumb Code    36  app_spotar.o(.text)
    spotar_send_status_update_req            0x200050b9   Thumb Code    34  app_spotar.o(.text)
    app_spotar_stop                          0x200050db   Thumb Code    20  app_spotar.o(.text)
    app_set_image_valid_flag                 0x200050ef   Thumb Code    42  app_spotar.o(.text)
    app_spotar_start                         0x20005119   Thumb Code    34  app_spotar.o(.text)
    app_spotar_read_mem                      0x2000513b   Thumb Code   204  app_spotar.o(.text)
    spotar_send_mem_info_update_req          0x20005207   Thumb Code    28  app_spotar.o(.text)
    app_spi_flash_init                       0x20005223   Thumb Code    68  app_spotar.o(.text)
    app_spotar_spi_config                    0x20005267   Thumb Code   356  app_spotar.o(.text)
    app_spotar_pd_hdlr                       0x200053cb   Thumb Code   240  app_spotar.o(.text)
    app_erase_flash_sectors                  0x200054bb   Thumb Code    58  app_spotar.o(.text)
    app_get_image_id                         0x200054f5   Thumb Code    16  app_spotar.o(.text)
    app_find_old_img                         0x20005505   Thumb Code    36  app_spotar.o(.text)
    app_read_ext_mem                         0x20005529   Thumb Code    24  app_spotar.o(.text)
    app_read_image_headers                   0x20005541   Thumb Code   518  app_spotar.o(.text)
    app_spotar_img_hdlr                      0x20005747   Thumb Code   162  app_spotar.o(.text)
    app_spotar_exec_patch                    0x200057e9   Thumb Code    36  app_spotar.o(.text)
    app_spotar_i2c_config                    0x2000580d   Thumb Code   212  app_spotar.o(.text)
    diss_create_db_cfm_handler               0x200058e1   Thumb Code   292  app_dis_task.o(.text)
    diss_disable_ind_handler                 0x20005a05   Thumb Code     4  app_dis_task.o(.text)
    app_dis_init                             0x20005a45   Thumb Code     2  app_dis.o(.text)
    app_dis_create_db_send                   0x20005a47   Thumb Code    26  app_dis.o(.text)
    app_dis_enable_prf                       0x20005a61   Thumb Code    32  app_dis.o(.text)
    __aeabi_fmul                             0x20005a85   Thumb Code   122  fmul.o(.text)
    __aeabi_fdiv                             0x20005aff   Thumb Code   124  fdiv.o(.text)
    __ARM_scalbnf                            0x20005b7b   Thumb Code    24  fscalb.o(.text)
    scalbnf                                  0x20005b7b   Thumb Code     0  fscalb.o(.text)
    __aeabi_dadd                             0x20005b95   Thumb Code   328  dadd.o(.text)
    __aeabi_dsub                             0x20005cdd   Thumb Code    12  dadd.o(.text)
    __aeabi_drsub                            0x20005ce9   Thumb Code    12  dadd.o(.text)
    __aeabi_ddiv                             0x20005cf9   Thumb Code   234  ddiv.o(.text)
    __aeabi_ui2f                             0x20005de9   Thumb Code    14  ffltui.o(.text)
    __aeabi_f2uiz                            0x20005df7   Thumb Code    40  ffixui.o(.text)
    __aeabi_d2uiz                            0x20005e21   Thumb Code    50  dfixui.o(.text)
    __aeabi_f2d                              0x20005e5d   Thumb Code    40  f2d.o(.text)
    __aeabi_d2f                              0x20005e85   Thumb Code    56  d2f.o(.text)
    __aeabi_lasr                             0x20005ebd   Thumb Code    38  llsshr.o(.text)
    _ll_sshift_r                             0x20005ebd   Thumb Code     0  llsshr.o(.text)
    _float_round                             0x20005ee3   Thumb Code    16  fepilogue.o(.text)
    _float_epilogue                          0x20005ef3   Thumb Code   114  fepilogue.o(.text)
    __scatterload                            0x20005f65   Thumb Code    28  init.o(.text)
    __scatterload_rt2                        0x20005f65   Thumb Code     0  init.o(.text)
    Long Thumb to Thumb Veneer to set_system_clocks 0x20005f89   Thumb Code    12  anon$$obj.o(Veneer$$Code)
    Long Thumb to Thumb Veneer to srand      0x20005f95   Thumb Code    12  anon$$obj.o(Veneer$$Code)
    Long Thumb to Thumb Veneer to nvds_init  0x20005fa1   Thumb Code    12  anon$$obj.o(Veneer$$Code)
    Long Thumb to Thumb Veneer to rwip_init  0x20005fad   Thumb Code    12  anon$$obj.o(Veneer$$Code)
    Long Thumb to Thumb Veneer to enable_rf_diag_irq 0x20005fb9   Thumb Code    12  anon$$obj.o(Veneer$$Code)
    Long Thumb to Thumb Veneer to app_get_sleep_mode 0x20005fc5   Thumb Code    12  anon$$obj.o(Veneer$$Code)
    Long Thumb to Thumb Veneer to rwip_prevent_sleep_get 0x20005fd1   Thumb Code    12  anon$$obj.o(Veneer$$Code)
    Long Thumb to Thumb Veneer to ke_event_get 0x20005fdd   Thumb Code    12  anon$$obj.o(Veneer$$Code)
    Long Thumb to Thumb Veneer to rwip_schedule 0x20005fe9   Thumb Code    12  anon$$obj.o(Veneer$$Code)
    Long Thumb to Thumb Veneer to lld_sleep_check 0x20005ff5   Thumb Code    12  anon$$obj.o(Veneer$$Code)
    Long Thumb to Thumb Veneer to func_check_mem 0x20006001   Thumb Code    12  anon$$obj.o(Veneer$$Code)
    Long Thumb to Thumb Veneer to test_rxdone 0x2000600d   Thumb Code    12  anon$$obj.o(Veneer$$Code)
    Long Thumb to Thumb Veneer to ke_mem_is_empty 0x20006019   Thumb Code    12  anon$$obj.o(Veneer$$Code)
    Long Thumb to Thumb Veneer to __aeabi_uidivmod 0x20006025   Thumb Code    12  anon$$obj.o(Veneer$$Code)
    Long Thumb to Thumb Veneer to __aeabi_idivmod 0x20006031   Thumb Code    12  anon$$obj.o(Veneer$$Code)
    Long Thumb to Thumb Veneer to __aeabi_ui2d 0x2000603d   Thumb Code    12  anon$$obj.o(Veneer$$Code)
    Long Thumb to Thumb Veneer to __aeabi_dmul 0x20006049   Thumb Code    12  anon$$obj.o(Veneer$$Code)
    Long Thumb to Thumb Veneer to attmdb_att_set_value 0x20006055   Thumb Code    12  anon$$obj.o(Veneer$$Code)
    Long Thumb to Thumb Veneer to rwip_wakeup_delay_set 0x20006061   Thumb Code    12  anon$$obj.o(Veneer$$Code)
    Long Thumb to Thumb Veneer to $Super$$get_rc16m_count_func 0x2000606d   Thumb Code    12  anon$$obj.o(Veneer$$Code)
    Long Thumb to Thumb Veneer to get_rc16m_count 0x20006079   Thumb Code    12  anon$$obj.o(Veneer$$Code)
    Long Thumb to Thumb Veneer to pll_vcocal_LUT_InitUpdate 0x20006085   Thumb Code    12  anon$$obj.o(Veneer$$Code)
    Long Thumb to Thumb Veneer to rf_calibration 0x20006091   Thumb Code    12  anon$$obj.o(Veneer$$Code)
    Long Thumb to Thumb Veneer to lld_sleep_us_2_lpcycles_func 0x2000609d   Thumb Code    12  anon$$obj.o(Veneer$$Code)
    Long Thumb to Thumb Veneer to lld_sleep_lpcycles_2_us_func 0x200060a9   Thumb Code    12  anon$$obj.o(Veneer$$Code)
    Long Thumb to Thumb Veneer to uart_flow_on 0x200060b5   Thumb Code    12  anon$$obj.o(Veneer$$Code)
    Long Thumb to Thumb Veneer to __aeabi_memcpy 0x200060c1   Thumb Code    12  anon$$obj.o(Veneer$$Code)
    Long Thumb to Thumb Veneer to co_list_pop_front 0x200060cd   Thumb Code    12  anon$$obj.o(Veneer$$Code)
    Long Thumb to Thumb Veneer to ke_task_handler_get 0x200060d9   Thumb Code    12  anon$$obj.o(Veneer$$Code)
    Long Thumb to Thumb Veneer to ke_msg_free 0x200060e5   Thumb Code    12  anon$$obj.o(Veneer$$Code)
    Long Thumb to Thumb Veneer to co_list_push_back 0x200060f1   Thumb Code    12  anon$$obj.o(Veneer$$Code)
    Long Thumb to Thumb Veneer to ke_event_clear 0x200060fd   Thumb Code    12  anon$$obj.o(Veneer$$Code)
    Long Thumb to Thumb Veneer to __aeabi_memclr4 0x20006109   Thumb Code    12  anon$$obj.o(Veneer$$Code)
    Long Thumb to Thumb Veneer to ke_event_callback_set 0x20006115   Thumb Code    12  anon$$obj.o(Veneer$$Code)
    Long Thumb to Thumb Veneer to lld_con_update_ind 0x20006121   Thumb Code    12  anon$$obj.o(Veneer$$Code)
    Long Thumb to Thumb Veneer to ke_state_set 0x2000612d   Thumb Code    12  anon$$obj.o(Veneer$$Code)
    Long Thumb to Thumb Veneer to llc_util_dicon_procedure 0x20006139   Thumb Code    12  anon$$obj.o(Veneer$$Code)
    Long Thumb to Thumb Veneer to lld_ch_map_ind 0x20006145   Thumb Code    12  anon$$obj.o(Veneer$$Code)
    Long Thumb to Thumb Veneer to ke_state_get 0x20006151   Thumb Code    12  anon$$obj.o(Veneer$$Code)
    Long Thumb to Thumb Veneer to __ARM_common_switch8 0x2000615d   Thumb Code    12  anon$$obj.o(Veneer$$Code)
    Long Thumb to Thumb Veneer to ke_timer_clear 0x20006169   Thumb Code    12  anon$$obj.o(Veneer$$Code)
    Long Thumb to Thumb Veneer to atts_send_cmd_cmp 0x20006175   Thumb Code    12  anon$$obj.o(Veneer$$Code)
    Long Thumb to Thumb Veneer to atts_mtu_exc_resp 0x20006181   Thumb Code    12  anon$$obj.o(Veneer$$Code)
    Long Thumb to Thumb Veneer to atts_find_info_resp 0x2000618d   Thumb Code    12  anon$$obj.o(Veneer$$Code)
    Long Thumb to Thumb Veneer to atts_find_by_type_resp 0x20006199   Thumb Code    12  anon$$obj.o(Veneer$$Code)
    Long Thumb to Thumb Veneer to atts_read_by_type_resp 0x200061a5   Thumb Code    12  anon$$obj.o(Veneer$$Code)
    Long Thumb to Thumb Veneer to atts_read_by_grp_type_resp 0x200061b1   Thumb Code    12  anon$$obj.o(Veneer$$Code)
    Long Thumb to Thumb Veneer to atts_read_resp 0x200061bd   Thumb Code    12  anon$$obj.o(Veneer$$Code)
    Long Thumb to Thumb Veneer to atts_read_blob_resp 0x200061c9   Thumb Code    12  anon$$obj.o(Veneer$$Code)
    Long Thumb to Thumb Veneer to atts_read_mult_resp 0x200061d5   Thumb Code    12  anon$$obj.o(Veneer$$Code)
    Long Thumb to Thumb Veneer to atts_write_no_resp 0x200061e1   Thumb Code    12  anon$$obj.o(Veneer$$Code)
    Long Thumb to Thumb Veneer to atts_write_resp 0x200061ed   Thumb Code    12  anon$$obj.o(Veneer$$Code)
    Long Thumb to Thumb Veneer to atts_signed_write_resp 0x200061f9   Thumb Code    12  anon$$obj.o(Veneer$$Code)
    Long Thumb to Thumb Veneer to atts_prepare_write_resp 0x20006205   Thumb Code    12  anon$$obj.o(Veneer$$Code)
    Long Thumb to Thumb Veneer to atts_execute_write_resp 0x20006211   Thumb Code    12  anon$$obj.o(Veneer$$Code)
    Long Thumb to Thumb Veneer to ke_msg_alloc 0x2000621d   Thumb Code    12  anon$$obj.o(Veneer$$Code)
    Long Thumb to Thumb Veneer to gapc_get_enc_keysize 0x20006229   Thumb Code    12  anon$$obj.o(Veneer$$Code)
    Long Thumb to Thumb Veneer to gapc_get_role 0x20006235   Thumb Code    12  anon$$obj.o(Veneer$$Code)
    Long Thumb to Thumb Veneer to ke_msg_send 0x20006241   Thumb Code    12  anon$$obj.o(Veneer$$Code)
    Long Thumb to Thumb Veneer to smpc_generate_rand 0x2000624d   Thumb Code    12  anon$$obj.o(Veneer$$Code)
    Long Thumb to Thumb Veneer to smpc_tkdp_send_continue 0x20006259   Thumb Code    12  anon$$obj.o(Veneer$$Code)
    Long Thumb to Thumb Veneer to smpc_pdu_send 0x20006265   Thumb Code    12  anon$$obj.o(Veneer$$Code)
    Long Thumb to Thumb Veneer to smpc_tkdp_rcp_start 0x20006271   Thumb Code    12  anon$$obj.o(Veneer$$Code)
    Long Thumb to Thumb Veneer to smpc_pairing_end 0x2000627d   Thumb Code    12  anon$$obj.o(Veneer$$Code)
    Long Thumb to Thumb Veneer to smpc_check_max_key_size 0x20006289   Thumb Code    12  anon$$obj.o(Veneer$$Code)
    Long Thumb to Thumb Veneer to smpc_check_key_distrib 0x20006295   Thumb Code    12  anon$$obj.o(Veneer$$Code)
    Long Thumb to Thumb Veneer to smpc_get_key_sec_prop 0x200062a1   Thumb Code    12  anon$$obj.o(Veneer$$Code)
    Long Thumb to Thumb Veneer to smpc_is_sec_mode_reached 0x200062ad   Thumb Code    12  anon$$obj.o(Veneer$$Code)
    Long Thumb to Thumb Veneer to gapm_get_privacy_flag 0x200062b9   Thumb Code    12  anon$$obj.o(Veneer$$Code)
    Long Thumb to Thumb Veneer to gapm_set_recon_addr 0x200062c5   Thumb Code    12  anon$$obj.o(Veneer$$Code)
    Long Thumb to Thumb Veneer to memcmp     0x200062d1   Thumb Code    12  anon$$obj.o(Veneer$$Code)
    Long Thumb to Thumb Veneer to ke_sleep_check 0x200062dd   Thumb Code    12  anon$$obj.o(Veneer$$Code)
    Long Thumb to Thumb Veneer to ke_timer_sleep_check 0x200062e9   Thumb Code    12  anon$$obj.o(Veneer$$Code)
    Long Thumb to Thumb Veneer to gtl_enter_sleep 0x200062f5   Thumb Code    12  anon$$obj.o(Veneer$$Code)
    Long Thumb to Thumb Veneer to lld_sleep_enter 0x20006301   Thumb Code    12  anon$$obj.o(Veneer$$Code)
    Long Thumb to Thumb Veneer to ble_regs_push 0x2000630d   Thumb Code    12  anon$$obj.o(Veneer$$Code)
    Long Thumb to Thumb Veneer to $Super$$BLE_CSCNT_Handler 0x20006319   Thumb Code    12  anon$$obj.o(Veneer$$Code)
    Long Thumb to Thumb Veneer to lld_evt_start_isr 0x20006325   Thumb Code    12  anon$$obj.o(Veneer$$Code)
    Long Thumb to Thumb Veneer to ble_regs_pop 0x20006331   Thumb Code    12  anon$$obj.o(Veneer$$Code)
    Long Thumb to Thumb Veneer to gtl_eif_init 0x2000633d   Thumb Code    12  anon$$obj.o(Veneer$$Code)
    Long Thumb to Thumb Veneer to rwip_wakeup 0x20006349   Thumb Code    12  anon$$obj.o(Veneer$$Code)
    Long Thumb to Thumb Veneer to rf_workaround_init 0x20006355   Thumb Code    12  anon$$obj.o(Veneer$$Code)
    Long Thumb to Thumb Veneer to rf_reinit  0x20006361   Thumb Code    12  anon$$obj.o(Veneer$$Code)
    Long Thumb to Thumb Veneer to lld_evt_rx_isr 0x2000636d   Thumb Code    12  anon$$obj.o(Veneer$$Code)
    Long Thumb to Thumb Veneer to lld_evt_end_isr 0x20006379   Thumb Code    12  anon$$obj.o(Veneer$$Code)
    Long Thumb to Thumb Veneer to set_rf_cal_cap 0x20006385   Thumb Code    12  anon$$obj.o(Veneer$$Code)
    Long Thumb to Thumb Veneer to set_gauss_modgain 0x20006391   Thumb Code    12  anon$$obj.o(Veneer$$Code)
    Long Thumb to Thumb Veneer to gapc_get_conhdl 0x2000639d   Thumb Code    12  anon$$obj.o(Veneer$$Code)
    Long Thumb to Thumb Veneer to gapc_send_disconect_ind 0x200063a9   Thumb Code    12  anon$$obj.o(Veneer$$Code)
    Long Thumb to Thumb Veneer to __aeabi_memclr 0x200063b5   Thumb Code    12  anon$$obj.o(Veneer$$Code)
    Long Thumb to Thumb Veneer to ke_task_create 0x200063c1   Thumb Code    12  anon$$obj.o(Veneer$$Code)
    Long Thumb to Thumb Veneer to attm_svc_create_db 0x200063cd   Thumb Code    12  anon$$obj.o(Veneer$$Code)
    Long Thumb to Thumb Veneer to attmdb_svc_set_permission 0x200063d9   Thumb Code    12  anon$$obj.o(Veneer$$Code)
    Long Thumb to Thumb Veneer to gapc_get_conidx 0x200063e5   Thumb Code    12  anon$$obj.o(Veneer$$Code)
    Long Thumb to Thumb Veneer to attmdb_att_update_value 0x200063f1   Thumb Code    12  anon$$obj.o(Veneer$$Code)
    Long Thumb to Thumb Veneer to atts_write_rsp_send 0x200063fd   Thumb Code    12  anon$$obj.o(Veneer$$Code)
    Long Thumb to Thumb Veneer to attmdb_add_service 0x20006409   Thumb Code    12  anon$$obj.o(Veneer$$Code)
    Long Thumb to Thumb Veneer to attmdb_add_attribute 0x20006415   Thumb Code    12  anon$$obj.o(Veneer$$Code)
    Long Thumb to Thumb Veneer to attmdb_att_get_value 0x20006421   Thumb Code    12  anon$$obj.o(Veneer$$Code)
    Long Thumb to Thumb Veneer to nvds_get   0x2000642d   Thumb Code    12  anon$$obj.o(Veneer$$Code)
    Long Thumb to Thumb Veneer to ke_timer_set 0x20006439   Thumb Code    12  anon$$obj.o(Veneer$$Code)
    Long Thumb to Thumb Veneer to rand       0x20006445   Thumb Code    12  anon$$obj.o(Veneer$$Code)
    Long Thumb to Thumb Veneer to __aeabi_cdcmple 0x20006451   Thumb Code    12  anon$$obj.o(Veneer$$Code)
    Long Thumb to Thumb Veneer to __aeabi_memcpy4 0x2000645d   Thumb Code    12  anon$$obj.o(Veneer$$Code)
    Long Thumb to Thumb Veneer to get_patching_spota_length 0x20006469   Thumb Code    12  anon$$obj.o(Veneer$$Code)
    Long Thumb to Thumb Veneer to platform_reset 0x20006475   Thumb Code    12  anon$$obj.o(Veneer$$Code)
    Long Thumb to Thumb Veneer to __aeabi_llsl 0x20006481   Thumb Code    12  anon$$obj.o(Veneer$$Code)
    Long Thumb to Thumb Veneer to __aeabi_memset 0x2000648d   Thumb Code    12  anon$$obj.o(Veneer$$Code)
    Long Thumb to Thumb Veneer to exec_patching_spota 0x20006499   Thumb Code    12  anon$$obj.o(Veneer$$Code)
    Long Thumb to Thumb Veneer to _double_epilogue 0x200064a5   Thumb Code    12  anon$$obj.o(Veneer$$Code)
    Long Thumb to Thumb Veneer to _double_round 0x200064b1   Thumb Code    12  anon$$obj.o(Veneer$$Code)
    Long Thumb to Thumb Veneer to __aeabi_llsr 0x200064bd   Thumb Code    12  anon$$obj.o(Veneer$$Code)
    GPIO_ConfigurePin                        0x200064c9   Thumb Code    78  gpio.o(i.GPIO_ConfigurePin)
    GPIO_EnableIRQ                           0x2000651d   Thumb Code   586  gpio.o(i.GPIO_EnableIRQ)
    GPIO_GetPinStatus                        0x20006781   Thumb Code    64  gpio.o(i.GPIO_GetPinStatus)
    GPIO_ResetIRQ                            0x200067c9   Thumb Code   146  gpio.o(i.GPIO_ResetIRQ)
    GPIO_SetActive                           0x20006861   Thumb Code    58  gpio.o(i.GPIO_SetActive)
    GPIO_SetInactive                         0x200068a5   Thumb Code    58  gpio.o(i.GPIO_SetInactive)
    GPIO_SetPinFunction                      0x200068e9   Thumb Code    64  gpio.o(i.GPIO_SetPinFunction)
    GPIO_init                                0x20006931   Thumb Code   140  gpio.o(i.GPIO_init)
    __scatterload_copy                       0x200069c5   Thumb Code    14  handlers.o(i.__scatterload_copy)
    __scatterload_null                       0x200069d3   Thumb Code     2  handlers.o(i.__scatterload_null)
    __scatterload_zeroinit                   0x200069d5   Thumb Code    14  handlers.o(i.__scatterload_zeroinit)
    set_tmr_div                              0x200069e5   Thumb Code    18  pwm.o(i.set_tmr_div)
    set_tmr_enable                           0x200069fd   Thumb Code    18  pwm.o(i.set_tmr_enable)
    timer0_start                             0x20006a15   Thumb Code    12  pwm.o(i.timer0_start)
    timer2_enable                            0x20006a25   Thumb Code    18  pwm.o(i.timer2_enable)
    timer2_set_hw_pause                      0x20006a3d   Thumb Code    18  pwm.o(i.timer2_set_hw_pause)
    timer2_set_pwm2_duty_cycle               0x20006a55   Thumb Code     6  pwm.o(i.timer2_set_pwm2_duty_cycle)
    timer2_set_sw_pause                      0x20006a61   Thumb Code    18  pwm.o(i.timer2_set_sw_pause)
    patch_table                              0x20006a78   Data          32  arch_main.o(.constdata)
    LUT_CFG                                  0x20006a98   Data          22  arch_main.o(.constdata)
    SPI_FLASH_KNOWN_DEVICES_PARAMETERS_LIST  0x20006ab8   Data          80  spi_flash.o(.constdata)
    streamdatad_disabled                     0x20006bb0   Data           8  streamdatad_task.o(.constdata)
    streamdatad_idle                         0x20006bb8   Data           8  streamdatad_task.o(.constdata)
    streamdatad_active                       0x20006bc0   Data          16  streamdatad_task.o(.constdata)
    streamdatad_state_handler                0x20006bd0   Data          24  streamdatad_task.o(.constdata)
    streamdatad_default_handler              0x20006be8   Data           8  streamdatad_task.o(.constdata)
    spotar_disabled                          0x20006bf0   Data           8  spotar_task.o(.constdata)
    spotar_idle                              0x20006bf8   Data           8  spotar_task.o(.constdata)
    spotar_active                            0x20006c00   Data          24  spotar_task.o(.constdata)
    spotar_default_state                     0x20006c18   Data           8  spotar_task.o(.constdata)
    spotar_state_handler                     0x20006c20   Data          24  spotar_task.o(.constdata)
    spotar_default_handler                   0x20006c38   Data           8  spotar_task.o(.constdata)
    spotar_service                           0x20006c40   Data           2  spotar.o(.constdata)
    spotar_patch_mem_dev_val                 0x20006c42   Data          16  spotar.o(.constdata)
    spotar_gpio_map_val                      0x20006c52   Data          16  spotar.o(.constdata)
    spotar_patch_mem_info_val                0x20006c62   Data          16  spotar.o(.constdata)
    spotar_patch_len_val                     0x20006c72   Data          16  spotar.o(.constdata)
    spotar_patch_data_val                    0x20006c82   Data          16  spotar.o(.constdata)
    spotar_patch_status_val                  0x20006c92   Data          16  spotar.o(.constdata)
    diss_disabled                            0x20006cb4   Data           8  diss_task.o(.constdata)
    diss_idle                                0x20006cbc   Data          16  diss_task.o(.constdata)
    diss_default_state                       0x20006ccc   Data           8  diss_task.o(.constdata)
    diss_state_handler                       0x20006cd4   Data          24  diss_task.o(.constdata)
    diss_default_handler                     0x20006cec   Data           8  diss_task.o(.constdata)
    diss_att_db                              0x20006cf4   Data         228  diss.o(.constdata)
    diss_dis_svc                             0x20006dd8   Data           2  diss.o(.constdata)
    diss_manufacturer_name_char              0x20006dda   Data           5  diss.o(.constdata)
    diss_model_nb_str_char                   0x20006ddf   Data           5  diss.o(.constdata)
    diss_serial_nb_str_char                  0x20006de4   Data           5  diss.o(.constdata)
    diss_hard_rev_str_char                   0x20006de9   Data           5  diss.o(.constdata)
    diss_firm_rev_str_char                   0x20006dee   Data           5  diss.o(.constdata)
    diss_sw_rev_str_char                     0x20006df3   Data           5  diss.o(.constdata)
    diss_system_id_char                      0x20006df8   Data           5  diss.o(.constdata)
    diss_ieee_char                           0x20006dfd   Data           5  diss.o(.constdata)
    diss_pnp_id_char                         0x20006e02   Data           5  diss.o(.constdata)
    app_default_state                        0x20006e28   Data         208  app_task.o(.constdata)
    app_default_handler                      0x20006ef8   Data           8  app_task.o(.constdata)
    Region$$Table$$Base                      0x20006f10   Number         0  anon$$obj.o(Region$$Table)
    Power                                    0x20006f50   Data           1  arch_main.o(.data)
    Region$$Table$$Limit                     0x20006f50   Number         0  anon$$obj.o(Region$$Table)
    MotorOn                                  0x20006f51   Data           1  arch_main.o(.data)
    Motor                                    0x20006f52   Data           1  arch_main.o(.data)
    first_count_status                       0x20006f53   Data           1  arch_main.o(.data)
    first55_flag                             0x20006f54   Data           1  arch_main.o(.data)
    rf_send_sta                              0x20006f55   Data           1  arch_main.o(.data)
    cFunctionType                            0x20006f56   Data           1  arch_main.o(.data)
    avg_value                                0x20006f57   Data           1  arch_main.o(.data)
    M10frm                                   0x20006f58   Data           4  arch_main.o(.data)
    alarm_sta                                0x20006f5c   Data           1  periph_setup.o(.data)
    RestoreSetting                           0x20006f5d   Data           9  periph_setup.o(.data)
    ResSetting                               0x20006f66   Data           9  periph_setup.o(.data)
    spotar_patch_mem_dev_char                0x20006f6f   Data          19  spotar.o(.data)
    spotar_gpio_map_char                     0x20006f82   Data          19  spotar.o(.data)
    spotar_patch_mem_info_char               0x20006f95   Data          19  spotar.o(.data)
    spotar_patch_len_char                    0x20006fa8   Data          19  spotar.o(.data)
    spotar_patch_data_char                   0x20006fbb   Data          19  spotar.o(.data)
    spotar_patch_status_char                 0x20006fce   Data          19  spotar.o(.data)
    uBatRemainPercent                        0x20006fe1   Data           1  app_throughput_peripheral_proj.o(.data)
    spota_new_pd                             0x20006fe4   Data          80  app_spotar.o(spotar_patch_area)
    spota_all_pd                             0x20007034   Data         256  app_spotar.o(spotar_patch_area)
    alarm_temp                               0x20008000   Data           1  periph_setup.o(.bss)
    detected_spi_flash_device_index          0x20008001   Data           1  periph_setup.o(.bss)
    LacalAddress                             0x20008002   Data           2  periph_setup.o(.bss)
    spi_FLASH_CS_Pad                         0x20008004   Data           2  periph_setup.o(.bss)
    iseccnt3                                 0x20008006   Data           2  pwm.o(.bss)
    spi_driver_cs_pad                        0x20008008   Data           2  spi.o(.bss)
    spi_flash_device_index                   0x2000800c   Data           2  spi_flash.o(.bss)
    spi_flash_detected_device                0x20008010   Data           4  spi_flash.o(.bss)
    spi_flash_size                           0x20008014   Data           4  spi_flash.o(.bss)
    spi_flash_page_size                      0x20008018   Data           4  spi_flash.o(.bss)
    BLE_MAC_Edit                             0x2000801c   Data           1  streamdatad_task.o(.bss)
    periph_addr_storage                      0x2000801d   Data           6  streamdatad_task.o(.bss)
    streamdatad_state                        0x20008023   Data           1  streamdatad_task.o(.bss)
    M10_Master_conready                      0x20008024   Data           1  app.o(.bss)
    ResetCnt                                 0x20008025   Data           1  app_throughput_peripheral_proj.o(.bss)
    sys_startup_flag                         0x20008026   Data           1  arch_main.o(retention_mem_area0)
    sleep_md                                 0x20008027   Data           1  arch_sleep.o(retention_mem_area0)
    sleep_pend                               0x20008028   Data           1  arch_sleep.o(retention_mem_area0)
    sleep_cnt                                0x20008029   Data           1  arch_sleep.o(retention_mem_area0)
    sleep_ext_force                          0x2000802a   Data           1  arch_sleep.o(retention_mem_area0)
    cal_enable                               0x2000802c   Data           1  arch_system.o(retention_mem_area0)
    lp_clk_sel                               0x20008030   Data           4  arch_system.o(retention_mem_area0)
    rcx_freq                                 0x20008034   Data           4  arch_system.o(retention_mem_area0)
    rcx_period                               0x20008038   Data           4  arch_system.o(retention_mem_area0)
    rcx_slot_duration                        0x2000803c   Data           4  arch_system.o(retention_mem_area0)
    dev_bdaddr                               0x20008040   Data           6  nvds.o(retention_mem_area0)
    rwble_last_event                         0x20008046   Data           1  rwble.o(retention_mem_area0)
    spotar_state                             0x20008047   Data           1  spotar_task.o(retention_mem_area0)
    spotar_env                               0x20008048   Data           8  spotar.o(retention_mem_area0)
    diss_state                               0x20008050   Data           1  diss_task.o(retention_mem_area0)
    diss_env                                 0x20008052   Data          18  diss.o(retention_mem_area0)
    app_env                                  0x20008064   Data          12  app.o(retention_mem_area0)
    app_sec_env                              0x20008070   Data          36  app_sec.o(retention_mem_area0)
    app_state                                0x20008094   Data           1  app_task.o(retention_mem_area0)
    spota_state                              0x20008098   Data          36  app_spotar.o(retention_mem_area0)
    rwip_heap_non_ret                        0x20008bf4   Data        1036  jump_table.o(heap_mem_area_not_ret)
    SystemCoreClock                          0x20009000   Data           0  rom_symdef.txt ABSOLUTE
    error                                    0x20009004   Data           0  rom_symdef.txt ABSOLUTE
    Activeflag                               0x20009020   Data           1  arch_main.o(.bss)
    alarm_signal                             0x20009021   Data           1  arch_main.o(.bss)
    clamp                                    0x20009022   Data           1  arch_main.o(.bss)
    keypress                                 0x20009023   Data           1  arch_main.o(.bss)
    senddata                                 0x20009024   Data           1  arch_main.o(.bss)
    speed_five_status                        0x20009025   Data           1  arch_main.o(.bss)
    speed_right_status                       0x20009026   Data           1  arch_main.o(.bss)
    halt                                     0x20009027   Data           1  arch_main.o(.bss)
    ResetFlg                                 0x20009028   Data           1  arch_main.o(.bss)
    iTempMIN                                 0x20009029   Data           1  arch_main.o(.bss)
    Key1                                     0x2000902a   Data           1  arch_main.o(.bss)
    Keylong                                  0x2000902b   Data           1  arch_main.o(.bss)
    SwordClose                               0x2000902c   Data           1  arch_main.o(.bss)
    RFOFF                                    0x2000902d   Data           1  arch_main.o(.bss)
    Keylonglong                              0x2000902e   Data           1  arch_main.o(.bss)
    KeylongCount                             0x2000902f   Data           1  arch_main.o(.bss)
    SetFlag                                  0x20009030   Data           1  arch_main.o(.bss)
    ZigbFlg                                  0x20009031   Data           1  arch_main.o(.bss)
    cIptWarning                              0x20009032   Data           1  arch_main.o(.bss)
    txCount                                  0x20009034   Data           2  arch_main.o(.bss)
    lkeyDownCount                            0x20009036   Data           2  arch_main.o(.bss)
    BeSecTmp                                 0x20009038   Data           4  arch_main.o(.bss)
    txBuffer                                 0x2000903c   Data          32  arch_main.o(.bss)
    value0                                   0x20009060   Data           2  gpio.o(.bss)
    DropINT                                  0x20009062   Data           2  gpio.o(.bss)
    count_present                            0x20009064   Data           2  gpio.o(.bss)
    GPIO_status                              0x20009068   Data           8  gpio.o(.bss)
    GPIO                                     0x20009070   Data         160  gpio.o(.bss)
    GPIOHandlerFunction                      0x20009110   Data          20  gpio.o(.bss)
    USART_RX_STA                             0x20009124   Data           1  uart.o(.bss)
    js                                       0x20009125   Data           1  uart.o(.bss)
    rxBuffer                                 0x20009126   Data          74  uart.o(.bss)
    DropCnt                                  0x20009172   Data           2  pwm.o(.bss)
    opencount                                0x20009174   Data           2  pwm.o(.bss)
    iSecCount                                0x20009176   Data           2  pwm.o(.bss)
    LEDCount                                 0x20009178   Data           2  pwm.o(.bss)
    SystemCount                              0x2000917a   Data           2  pwm.o(.bss)
    iSecCnt2                                 0x2000917c   Data           2  pwm.o(.bss)
    iseccnt4                                 0x2000917e   Data           2  pwm.o(.bss)
    ADCcount                                 0x20009180   Data           2  pwm.o(.bss)
    resetTime                                0x20009182   Data           2  pwm.o(.bss)
    setTime                                  0x20009184   Data           2  pwm.o(.bss)
    iseccnt4_flag                            0x20009186   Data           2  pwm.o(.bss)
    TIMER0_callback                          0x20009188   Data           4  pwm.o(.bss)
    timer                                    0x2000918c   Data          10  pwm.o(.bss)
    streamdatad_env                          0x20009196   Data          40  streamdatad.o(.bss)
    adv_timer_flag                           0x200091be   Data           1  app_throughput_peripheral_proj.o(.bss)
    uBatRemainPercentMA                      0x200091bf   Data           1  app_throughput_peripheral_proj.o(.bss)
    adbattery_status                         0x200091c0   Data           1  app_throughput_peripheral_proj.o(.bss)
    BatCnt                                   0x200091c1   Data           1  app_throughput_peripheral_proj.o(.bss)
    kai                                      0x200091c2   Data           1  app_throughput_peripheral_proj.o(.bss)
    flag_uart                                0x200091c6   Data           1  app_throughput_peripheral_proj.o(.bss)
    VIsenseCount                             0x200091c9   Data           1  app_throughput_peripheral_proj.o(.bss)
    dbg                                      0x200091ca   Data           1  app_throughput_peripheral_proj.o(.bss)
    VIsense_Avg                              0x200091cc   Data           2  app_throughput_peripheral_proj.o(.bss)
    BatBuf                                   0x200091ce   Data          10  app_throughput_peripheral_proj.o(.bss)
    VIsense                                  0x200091d8   Data          10  app_throughput_peripheral_proj.o(.bss)
    __initial_sp                             0x20009800   Data           0  boot_vectors.o(STACK)
    clk_per_reg                              0x50000004   Data           4  pwm.o(.ARM.__AT_0x50000004)
    timer0_ctrl_reg                          0x50003400   Data           4  pwm.o(.ARM.__AT_0x50003400)
    triple_pwm_ctrl_reg                      0x50003410   Data           4  pwm.o(.ARM.__AT_0x50003410)



==============================================================================

Memory Map of the image

  Image Entry point : 0x20000441

  Load Region LR_IROM1 (Base: 0x20000000, Size: 0x000000a0, Max: 0x00000160, ABSOLUTE)

    Execution Region ER_IROM1 (Exec base: 0x20000000, Load base: 0x20000000, Size: 0x000000a0, Max: 0x00000160, ABSOLUTE)

    Exec Addr    Load Addr    Size         Type   Attr      Idx    E Section Name        Object

    0x20000000   0x20000000   0x000000a0   Data   RO           52    RESET               boot_vectors.o



  Load Region LR_IROM2 (Base: 0x20000160, Size: 0x00000160, Max: 0x00000160, ABSOLUTE)

    Execution Region ER_IROM2 (Exec base: 0x20000160, Load base: 0x20000160, Size: 0x00000160, Max: 0x00000160, ABSOLUTE)

    Exec Addr    Load Addr    Size         Type   Attr      Idx    E Section Name        Object

    0x20000160   0x20000160   0x00000160   Data   RO          502    jump_table_mem_area  jump_table.o



  Load Region LR_IROM3 (Base: 0x200002c0, Size: 0x00000064, Max: 0x00000080, ABSOLUTE)

    Execution Region ER_IROM3 (Exec base: 0x200002c0, Load base: 0x200002c0, Size: 0x00000064, Max: 0x00000080, ABSOLUTE)

    Exec Addr    Load Addr    Size         Type   Attr      Idx    E Section Name        Object

    0x200002c0   0x200002c0   0x00000064   Data   RO         1012    timeout_table_area  gapm.o



  Load Region LR_IROM4 (Base: 0x20000340, Size: 0x000000a4, Max: 0x00000100, ABSOLUTE)

    Execution Region ER_IROM4 (Exec base: 0x20000340, Load base: 0x20000340, Size: 0x000000a4, Max: 0x00000100, ABSOLUTE)

    Exec Addr    Load Addr    Size         Type   Attr      Idx    E Section Name        Object

    0x20000340   0x20000340   0x000000a4   Data   RW         1050    nvds_data_storage_area  nvds.o



  Load Region LR_IROM5 (Base: 0x20000440, Size: 0x00006ba4, Max: 0x000093c0, ABSOLUTE)

    Execution Region ER_IROM5 (Exec base: 0x20000440, Load base: 0x20000440, Size: 0x00006cf4, Max: 0x00007ac0, ABSOLUTE)

    Exec Addr    Load Addr    Size         Type   Attr      Idx    E Section Name        Object

    0x20000440   0x20000440   0x00000000   Code   RO         1554  * .ARM.Collect$$$$00000000  mc_p.l(entry.o)
    0x20000440   0x20000440   0x00000004   Code   RO         1575    .ARM.Collect$$$$00000001  mc_p.l(entry2.o)
    0x20000444   0x20000444   0x00000004   Code   RO         1578    .ARM.Collect$$$$00000004  mc_p.l(entry5.o)
    0x20000448   0x20000448   0x00000000   Code   RO         1580    .ARM.Collect$$$$00000008  mc_p.l(entry7b.o)
    0x20000448   0x20000448   0x00000000   Code   RO         1582    .ARM.Collect$$$$0000000A  mc_p.l(entry8b.o)
    0x20000448   0x20000448   0x00000008   Code   RO         1583    .ARM.Collect$$$$0000000B  mc_p.l(entry9a.o)
    0x20000450   0x20000450   0x00000000   Code   RO         1585    .ARM.Collect$$$$0000000D  mc_p.l(entry10a.o)
    0x20000450   0x20000450   0x00000000   Code   RO         1587    .ARM.Collect$$$$0000000F  mc_p.l(entry11a.o)
    0x20000450   0x20000450   0x00000004   Code   RO         1576    .ARM.Collect$$$$00002712  mc_p.l(entry2.o)
    0x20000454   0x20000454   0x00000054   Code   RO            2    .text               system_armcm0.o
    0x200004a8   0x200004a8   0x0000006c   Code   RO           53    .text               boot_vectors.o
    0x20000514   0x20000514   0x0000005c   Code   RO           58    .text               hardfault_handler.o
    0x20000570   0x20000570   0x00000f60   Code   RO          114    .text               arch_main.o
    0x200014d0   0x200014d0   0x00000002   Code   RO          497    .text               jump_table.o
    0x200014d2   0x200014d2   0x00000002   PAD
    0x200014d4   0x200014d4   0x00000110   Code   RO          568    .text               arch_sleep.o
    0x200015e4   0x200015e4   0x0000008c   Code   RO          587    .text               nmi_handler.o
    0x20001670   0x20001670   0x00000698   Code   RO          606    .text               periph_setup.o
    0x20001d08   0x20001d08   0x000002d4   Code   RO          647    .text               arch_system.o
    0x20001fdc   0x20001fdc   0x000002e8   Code   RO          691    .text               rf_580.o
    0x200022c4   0x200022c4   0x00000060   Code   RO          716    .text               gpio.o
    0x20002324   0x20002324   0x00000120   Code   RO          794    .text               uart.o
    0x20002444   0x20002444   0x00000140   Code   RO          821    .text               pwm.o
    0x20002584   0x20002584   0x00000128   Code   RO          959    .text               adc.o
    0x200026ac   0x200026ac   0x00000148   Code   RO          975    .text               spi.o
    0x200027f4   0x200027f4   0x000004c0   Code   RO          991    .text               spi_flash.o
    0x20002cb4   0x20002cb4   0x000000b8   Code   RO         1008    .text               ke_task.obj
    0x20002d6c   0x20002d6c   0x000000c4   Code   RO         1010    .text               ch_map.obj
    0x20002e30   0x20002e30   0x000000ec   Code   RO         1039    .text               atts_task.obj
    0x20002f1c   0x20002f1c   0x000000ec   Code   RO         1043    .text               smpc.obj
    0x20003008   0x20003008   0x0000020c   Code   RO         1045    .text               smpc_task.obj
    0x20003214   0x20003214   0x00000180   Code   RO         1047    .text               gapm_util.obj
    0x20003394   0x20003394   0x00000278   Code   RO         1049    .text               nvds.o
    0x2000360c   0x2000360c   0x00000188   Code   RO         1069    .text               rwip.o
    0x20003794   0x20003794   0x000001b4   Code   RO         1088    .text               rwble.o
    0x20003948   0x20003948   0x00000140   Code   RO         1116    .text               prf_utils.o
    0x20003a88   0x20003a88   0x00000024   Code   RO         1161    .text               streamdatad.o
    0x20003aac   0x20003aac   0x000001f4   Code   RO         1195    .text               streamdatad_task.o
    0x20003ca0   0x20003ca0   0x0000045c   Code   RO         1229    .text               spotar_task.o
    0x200040fc   0x200040fc   0x0000007c   Code   RO         1252    .text               spotar.o
    0x20004178   0x20004178   0x000000fc   Code   RO         1291    .text               diss_task.o
    0x20004274   0x20004274   0x000000a4   Code   RO         1317    .text               diss.o
    0x20004318   0x20004318   0x00000194   Code   RO         1351    .text               app.o
    0x200044ac   0x200044ac   0x000000b0   Code   RO         1376    .text               app_sec.o
    0x2000455c   0x2000455c   0x00000124   Code   RO         1397    .text               app_sec_task.o
    0x20004680   0x20004680   0x0000013c   Code   RO         1409    .text               app_task.o
    0x200047bc   0x200047bc   0x000006d4   Code   RO         1432    .text               app_throughput_peripheral_proj.o
    0x20004e90   0x20004e90   0x00000040   Code   RO         1458    .text               app_streamdatad.o
    0x20004ed0   0x20004ed0   0x00000026   Code   RO         1477    .text               app_streamdatad_task.o
    0x20004ef6   0x20004ef6   0x00000002   PAD
    0x20004ef8   0x20004ef8   0x00000160   Code   RO         1495    .text               app_spotar_task.o
    0x20005058   0x20005058   0x00000888   Code   RO         1510    .text               app_spotar.o
    0x200058e0   0x200058e0   0x00000164   Code   RO         1530    .text               app_dis_task.o
    0x20005a44   0x20005a44   0x00000040   Code   RO         1542    .text               app_dis.o
    0x20005a84   0x20005a84   0x0000007a   Code   RO         1555    .text               mf_p.l(fmul.o)
    0x20005afe   0x20005afe   0x0000007c   Code   RO         1557    .text               mf_p.l(fdiv.o)
    0x20005b7a   0x20005b7a   0x00000018   Code   RO         1559    .text               mf_p.l(fscalb.o)
    0x20005b92   0x20005b92   0x00000002   PAD
    0x20005b94   0x20005b94   0x00000164   Code   RO         1561    .text               mf_p.l(dadd.o)
    0x20005cf8   0x20005cf8   0x000000f0   Code   RO         1563    .text               mf_p.l(ddiv.o)
    0x20005de8   0x20005de8   0x0000000e   Code   RO         1565    .text               mf_p.l(ffltui.o)
    0x20005df6   0x20005df6   0x00000028   Code   RO         1567    .text               mf_p.l(ffixui.o)
    0x20005e1e   0x20005e1e   0x00000002   PAD
    0x20005e20   0x20005e20   0x0000003c   Code   RO         1569    .text               mf_p.l(dfixui.o)
    0x20005e5c   0x20005e5c   0x00000028   Code   RO         1571    .text               mf_p.l(f2d.o)
    0x20005e84   0x20005e84   0x00000038   Code   RO         1573    .text               mf_p.l(d2f.o)
    0x20005ebc   0x20005ebc   0x00000026   Code   RO         1589    .text               mc_p.l(llsshr.o)
    0x20005ee2   0x20005ee2   0x00000082   Code   RO         1591    .text               mf_p.l(fepilogue.o)
    0x20005f64   0x20005f64   0x00000024   Code   RO         1593    .text               mc_p.l(init.o)
    0x20005f88   0x20005f88   0x0000000c   Ven    RO         1603    Veneer$$Code        anon$$obj.o
    0x20005f94   0x20005f94   0x0000000c   Ven    RO         1604    Veneer$$Code        anon$$obj.o
    0x20005fa0   0x20005fa0   0x0000000c   Ven    RO         1605    Veneer$$Code        anon$$obj.o
    0x20005fac   0x20005fac   0x0000000c   Ven    RO         1606    Veneer$$Code        anon$$obj.o
    0x20005fb8   0x20005fb8   0x0000000c   Ven    RO         1607    Veneer$$Code        anon$$obj.o
    0x20005fc4   0x20005fc4   0x0000000c   Ven    RO         1608    Veneer$$Code        anon$$obj.o
    0x20005fd0   0x20005fd0   0x0000000c   Ven    RO         1609    Veneer$$Code        anon$$obj.o
    0x20005fdc   0x20005fdc   0x0000000c   Ven    RO         1610    Veneer$$Code        anon$$obj.o
    0x20005fe8   0x20005fe8   0x0000000c   Ven    RO         1611    Veneer$$Code        anon$$obj.o
    0x20005ff4   0x20005ff4   0x0000000c   Ven    RO         1612    Veneer$$Code        anon$$obj.o
    0x20006000   0x20006000   0x0000000c   Ven    RO         1613    Veneer$$Code        anon$$obj.o
    0x2000600c   0x2000600c   0x0000000c   Ven    RO         1614    Veneer$$Code        anon$$obj.o
    0x20006018   0x20006018   0x0000000c   Ven    RO         1615    Veneer$$Code        anon$$obj.o
    0x20006024   0x20006024   0x0000000c   Ven    RO         1616    Veneer$$Code        anon$$obj.o
    0x20006030   0x20006030   0x0000000c   Ven    RO         1617    Veneer$$Code        anon$$obj.o
    0x2000603c   0x2000603c   0x0000000c   Ven    RO         1618    Veneer$$Code        anon$$obj.o
    0x20006048   0x20006048   0x0000000c   Ven    RO         1619    Veneer$$Code        anon$$obj.o
    0x20006054   0x20006054   0x0000000c   Ven    RO         1620    Veneer$$Code        anon$$obj.o
    0x20006060   0x20006060   0x0000000c   Ven    RO         1621    Veneer$$Code        anon$$obj.o
    0x2000606c   0x2000606c   0x0000000c   Ven    RO         1622    Veneer$$Code        anon$$obj.o
    0x20006078   0x20006078   0x0000000c   Ven    RO         1623    Veneer$$Code        anon$$obj.o
    0x20006084   0x20006084   0x0000000c   Ven    RO         1624    Veneer$$Code        anon$$obj.o
    0x20006090   0x20006090   0x0000000c   Ven    RO         1625    Veneer$$Code        anon$$obj.o
    0x2000609c   0x2000609c   0x0000000c   Ven    RO         1626    Veneer$$Code        anon$$obj.o
    0x200060a8   0x200060a8   0x0000000c   Ven    RO         1627    Veneer$$Code        anon$$obj.o
    0x200060b4   0x200060b4   0x0000000c   Ven    RO         1628    Veneer$$Code        anon$$obj.o
    0x200060c0   0x200060c0   0x0000000c   Ven    RO         1629    Veneer$$Code        anon$$obj.o
    0x200060cc   0x200060cc   0x0000000c   Ven    RO         1630    Veneer$$Code        anon$$obj.o
    0x200060d8   0x200060d8   0x0000000c   Ven    RO         1631    Veneer$$Code        anon$$obj.o
    0x200060e4   0x200060e4   0x0000000c   Ven    RO         1632    Veneer$$Code        anon$$obj.o
    0x200060f0   0x200060f0   0x0000000c   Ven    RO         1633    Veneer$$Code        anon$$obj.o
    0x200060fc   0x200060fc   0x0000000c   Ven    RO         1634    Veneer$$Code        anon$$obj.o
    0x20006108   0x20006108   0x0000000c   Ven    RO         1635    Veneer$$Code        anon$$obj.o
    0x20006114   0x20006114   0x0000000c   Ven    RO         1636    Veneer$$Code        anon$$obj.o
    0x20006120   0x20006120   0x0000000c   Ven    RO         1637    Veneer$$Code        anon$$obj.o
    0x2000612c   0x2000612c   0x0000000c   Ven    RO         1638    Veneer$$Code        anon$$obj.o
    0x20006138   0x20006138   0x0000000c   Ven    RO         1639    Veneer$$Code        anon$$obj.o
    0x20006144   0x20006144   0x0000000c   Ven    RO         1640    Veneer$$Code        anon$$obj.o
    0x20006150   0x20006150   0x0000000c   Ven    RO         1641    Veneer$$Code        anon$$obj.o
    0x2000615c   0x2000615c   0x0000000c   Ven    RO         1642    Veneer$$Code        anon$$obj.o
    0x20006168   0x20006168   0x0000000c   Ven    RO         1643    Veneer$$Code        anon$$obj.o
    0x20006174   0x20006174   0x0000000c   Ven    RO         1644    Veneer$$Code        anon$$obj.o
    0x20006180   0x20006180   0x0000000c   Ven    RO         1645    Veneer$$Code        anon$$obj.o
    0x2000618c   0x2000618c   0x0000000c   Ven    RO         1646    Veneer$$Code        anon$$obj.o
    0x20006198   0x20006198   0x0000000c   Ven    RO         1647    Veneer$$Code        anon$$obj.o
    0x200061a4   0x200061a4   0x0000000c   Ven    RO         1648    Veneer$$Code        anon$$obj.o
    0x200061b0   0x200061b0   0x0000000c   Ven    RO         1649    Veneer$$Code        anon$$obj.o
    0x200061bc   0x200061bc   0x0000000c   Ven    RO         1650    Veneer$$Code        anon$$obj.o
    0x200061c8   0x200061c8   0x0000000c   Ven    RO         1651    Veneer$$Code        anon$$obj.o
    0x200061d4   0x200061d4   0x0000000c   Ven    RO         1652    Veneer$$Code        anon$$obj.o
    0x200061e0   0x200061e0   0x0000000c   Ven    RO         1653    Veneer$$Code        anon$$obj.o
    0x200061ec   0x200061ec   0x0000000c   Ven    RO         1654    Veneer$$Code        anon$$obj.o
    0x200061f8   0x200061f8   0x0000000c   Ven    RO         1655    Veneer$$Code        anon$$obj.o
    0x20006204   0x20006204   0x0000000c   Ven    RO         1656    Veneer$$Code        anon$$obj.o
    0x20006210   0x20006210   0x0000000c   Ven    RO         1657    Veneer$$Code        anon$$obj.o
    0x2000621c   0x2000621c   0x0000000c   Ven    RO         1658    Veneer$$Code        anon$$obj.o
    0x20006228   0x20006228   0x0000000c   Ven    RO         1659    Veneer$$Code        anon$$obj.o
    0x20006234   0x20006234   0x0000000c   Ven    RO         1660    Veneer$$Code        anon$$obj.o
    0x20006240   0x20006240   0x0000000c   Ven    RO         1661    Veneer$$Code        anon$$obj.o
    0x2000624c   0x2000624c   0x0000000c   Ven    RO         1662    Veneer$$Code        anon$$obj.o
    0x20006258   0x20006258   0x0000000c   Ven    RO         1663    Veneer$$Code        anon$$obj.o
    0x20006264   0x20006264   0x0000000c   Ven    RO         1664    Veneer$$Code        anon$$obj.o
    0x20006270   0x20006270   0x0000000c   Ven    RO         1665    Veneer$$Code        anon$$obj.o
    0x2000627c   0x2000627c   0x0000000c   Ven    RO         1666    Veneer$$Code        anon$$obj.o
    0x20006288   0x20006288   0x0000000c   Ven    RO         1667    Veneer$$Code        anon$$obj.o
    0x20006294   0x20006294   0x0000000c   Ven    RO         1668    Veneer$$Code        anon$$obj.o
    0x200062a0   0x200062a0   0x0000000c   Ven    RO         1669    Veneer$$Code        anon$$obj.o
    0x200062ac   0x200062ac   0x0000000c   Ven    RO         1670    Veneer$$Code        anon$$obj.o
    0x200062b8   0x200062b8   0x0000000c   Ven    RO         1671    Veneer$$Code        anon$$obj.o
    0x200062c4   0x200062c4   0x0000000c   Ven    RO         1672    Veneer$$Code        anon$$obj.o
    0x200062d0   0x200062d0   0x0000000c   Ven    RO         1673    Veneer$$Code        anon$$obj.o
    0x200062dc   0x200062dc   0x0000000c   Ven    RO         1674    Veneer$$Code        anon$$obj.o
    0x200062e8   0x200062e8   0x0000000c   Ven    RO         1675    Veneer$$Code        anon$$obj.o
    0x200062f4   0x200062f4   0x0000000c   Ven    RO         1676    Veneer$$Code        anon$$obj.o
    0x20006300   0x20006300   0x0000000c   Ven    RO         1677    Veneer$$Code        anon$$obj.o
    0x2000630c   0x2000630c   0x0000000c   Ven    RO         1678    Veneer$$Code        anon$$obj.o
    0x20006318   0x20006318   0x0000000c   Ven    RO         1679    Veneer$$Code        anon$$obj.o
    0x20006324   0x20006324   0x0000000c   Ven    RO         1680    Veneer$$Code        anon$$obj.o
    0x20006330   0x20006330   0x0000000c   Ven    RO         1681    Veneer$$Code        anon$$obj.o
    0x2000633c   0x2000633c   0x0000000c   Ven    RO         1682    Veneer$$Code        anon$$obj.o
    0x20006348   0x20006348   0x0000000c   Ven    RO         1683    Veneer$$Code        anon$$obj.o
    0x20006354   0x20006354   0x0000000c   Ven    RO         1684    Veneer$$Code        anon$$obj.o
    0x20006360   0x20006360   0x0000000c   Ven    RO         1685    Veneer$$Code        anon$$obj.o
    0x2000636c   0x2000636c   0x0000000c   Ven    RO         1686    Veneer$$Code        anon$$obj.o
    0x20006378   0x20006378   0x0000000c   Ven    RO         1687    Veneer$$Code        anon$$obj.o
    0x20006384   0x20006384   0x0000000c   Ven    RO         1688    Veneer$$Code        anon$$obj.o
    0x20006390   0x20006390   0x0000000c   Ven    RO         1689    Veneer$$Code        anon$$obj.o
    0x2000639c   0x2000639c   0x0000000c   Ven    RO         1690    Veneer$$Code        anon$$obj.o
    0x200063a8   0x200063a8   0x0000000c   Ven    RO         1691    Veneer$$Code        anon$$obj.o
    0x200063b4   0x200063b4   0x0000000c   Ven    RO         1692    Veneer$$Code        anon$$obj.o
    0x200063c0   0x200063c0   0x0000000c   Ven    RO         1693    Veneer$$Code        anon$$obj.o
    0x200063cc   0x200063cc   0x0000000c   Ven    RO         1694    Veneer$$Code        anon$$obj.o
    0x200063d8   0x200063d8   0x0000000c   Ven    RO         1695    Veneer$$Code        anon$$obj.o
    0x200063e4   0x200063e4   0x0000000c   Ven    RO         1696    Veneer$$Code        anon$$obj.o
    0x200063f0   0x200063f0   0x0000000c   Ven    RO         1697    Veneer$$Code        anon$$obj.o
    0x200063fc   0x200063fc   0x0000000c   Ven    RO         1698    Veneer$$Code        anon$$obj.o
    0x20006408   0x20006408   0x0000000c   Ven    RO         1699    Veneer$$Code        anon$$obj.o
    0x20006414   0x20006414   0x0000000c   Ven    RO         1700    Veneer$$Code        anon$$obj.o
    0x20006420   0x20006420   0x0000000c   Ven    RO         1701    Veneer$$Code        anon$$obj.o
    0x2000642c   0x2000642c   0x0000000c   Ven    RO         1702    Veneer$$Code        anon$$obj.o
    0x20006438   0x20006438   0x0000000c   Ven    RO         1703    Veneer$$Code        anon$$obj.o
    0x20006444   0x20006444   0x0000000c   Ven    RO         1704    Veneer$$Code        anon$$obj.o
    0x20006450   0x20006450   0x0000000c   Ven    RO         1705    Veneer$$Code        anon$$obj.o
    0x2000645c   0x2000645c   0x0000000c   Ven    RO         1706    Veneer$$Code        anon$$obj.o
    0x20006468   0x20006468   0x0000000c   Ven    RO         1707    Veneer$$Code        anon$$obj.o
    0x20006474   0x20006474   0x0000000c   Ven    RO         1708    Veneer$$Code        anon$$obj.o
    0x20006480   0x20006480   0x0000000c   Ven    RO         1709    Veneer$$Code        anon$$obj.o
    0x2000648c   0x2000648c   0x0000000c   Ven    RO         1710    Veneer$$Code        anon$$obj.o
    0x20006498   0x20006498   0x0000000c   Ven    RO         1711    Veneer$$Code        anon$$obj.o
    0x200064a4   0x200064a4   0x0000000c   Ven    RO         1712    Veneer$$Code        anon$$obj.o
    0x200064b0   0x200064b0   0x0000000c   Ven    RO         1713    Veneer$$Code        anon$$obj.o
    0x200064bc   0x200064bc   0x0000000c   Ven    RO         1714    Veneer$$Code        anon$$obj.o
    0x200064c8   0x200064c8   0x00000054   Code   RO          754    i.GPIO_ConfigurePin  gpio.o
    0x2000651c   0x2000651c   0x00000264   Code   RO          766    i.GPIO_EnableIRQ    gpio.o
    0x20006780   0x20006780   0x00000048   Code   RO          760    i.GPIO_GetPinStatus  gpio.o
    0x200067c8   0x200067c8   0x00000098   Code   RO          772    i.GPIO_ResetIRQ     gpio.o
    0x20006860   0x20006860   0x00000044   Code   RO          748    i.GPIO_SetActive    gpio.o
    0x200068a4   0x200068a4   0x00000044   Code   RO          742    i.GPIO_SetInactive  gpio.o
    0x200068e8   0x200068e8   0x00000048   Code   RO          736    i.GPIO_SetPinFunction  gpio.o
    0x20006930   0x20006930   0x00000094   Code   RO          730    i.GPIO_init         gpio.o
    0x200069c4   0x200069c4   0x0000000e   Code   RO         1597    i.__scatterload_copy  mc_p.l(handlers.o)
    0x200069d2   0x200069d2   0x00000002   Code   RO         1598    i.__scatterload_null  mc_p.l(handlers.o)
    0x200069d4   0x200069d4   0x0000000e   Code   RO         1599    i.__scatterload_zeroinit  mc_p.l(handlers.o)
    0x200069e2   0x200069e2   0x00000002   PAD
    0x200069e4   0x200069e4   0x00000018   Code   RO          843    i.set_tmr_div       pwm.o
    0x200069fc   0x200069fc   0x00000018   Code   RO          837    i.set_tmr_enable    pwm.o
    0x20006a14   0x20006a14   0x00000010   Code   RO          849    i.timer0_start      pwm.o
    0x20006a24   0x20006a24   0x00000018   Code   RO          890    i.timer2_enable     pwm.o
    0x20006a3c   0x20006a3c   0x00000018   Code   RO          895    i.timer2_set_hw_pause  pwm.o
    0x20006a54   0x20006a54   0x0000000c   Code   RO          916    i.timer2_set_pwm2_duty_cycle  pwm.o
    0x20006a60   0x20006a60   0x00000018   Code   RO          900    i.timer2_set_sw_pause  pwm.o
    0x20006a78   0x20006a78   0x00000020   Data   RO          118    .constdata          arch_main.o
    0x20006a98   0x20006a98   0x00000016   Data   RO          119    .constdata          arch_main.o
    0x20006aae   0x20006aae   0x00000008   Data   RO          718    .constdata          gpio.o
    0x20006ab6   0x20006ab6   0x00000002   PAD
    0x20006ab8   0x20006ab8   0x00000050   Data   RO          993    .constdata          spi_flash.o
    0x20006b08   0x20006b08   0x00000010   Data   RO         1163    .constdata          streamdatad.o
    0x20006b18   0x20006b18   0x00000002   Data   RO         1199    .constdata          streamdatad_task.o
    0x20006b1a   0x20006b1a   0x00000005   Data   RO         1200    .constdata          streamdatad_task.o
    0x20006b1f   0x20006b1f   0x00000005   Data   RO         1201    .constdata          streamdatad_task.o
    0x20006b24   0x20006b24   0x00000019   Data   RO         1202    .constdata          streamdatad_task.o
    0x20006b3d   0x20006b3d   0x00000005   Data   RO         1203    .constdata          streamdatad_task.o
    0x20006b42   0x20006b42   0x00000002   PAD
    0x20006b44   0x20006b44   0x0000006c   Data   RO         1204    .constdata          streamdatad_task.o
    0x20006bb0   0x20006bb0   0x00000008   Data   RO         1205    .constdata          streamdatad_task.o
    0x20006bb8   0x20006bb8   0x00000008   Data   RO         1206    .constdata          streamdatad_task.o
    0x20006bc0   0x20006bc0   0x00000010   Data   RO         1207    .constdata          streamdatad_task.o
    0x20006bd0   0x20006bd0   0x00000018   Data   RO         1208    .constdata          streamdatad_task.o
    0x20006be8   0x20006be8   0x00000008   Data   RO         1209    .constdata          streamdatad_task.o
    0x20006bf0   0x20006bf0   0x00000008   Data   RO         1230    .constdata          spotar_task.o
    0x20006bf8   0x20006bf8   0x00000008   Data   RO         1231    .constdata          spotar_task.o
    0x20006c00   0x20006c00   0x00000018   Data   RO         1232    .constdata          spotar_task.o
    0x20006c18   0x20006c18   0x00000008   Data   RO         1233    .constdata          spotar_task.o
    0x20006c20   0x20006c20   0x00000018   Data   RO         1234    .constdata          spotar_task.o
    0x20006c38   0x20006c38   0x00000008   Data   RO         1235    .constdata          spotar_task.o
    0x20006c40   0x20006c40   0x00000002   Data   RO         1259    .constdata          spotar.o
    0x20006c42   0x20006c42   0x00000010   Data   RO         1260    .constdata          spotar.o
    0x20006c52   0x20006c52   0x00000010   Data   RO         1261    .constdata          spotar.o
    0x20006c62   0x20006c62   0x00000010   Data   RO         1262    .constdata          spotar.o
    0x20006c72   0x20006c72   0x00000010   Data   RO         1263    .constdata          spotar.o
    0x20006c82   0x20006c82   0x00000010   Data   RO         1264    .constdata          spotar.o
    0x20006c92   0x20006c92   0x00000010   Data   RO         1265    .constdata          spotar.o
    0x20006ca2   0x20006ca2   0x00000002   PAD
    0x20006ca4   0x20006ca4   0x00000010   Data   RO         1266    .constdata          spotar.o
    0x20006cb4   0x20006cb4   0x00000008   Data   RO         1292    .constdata          diss_task.o
    0x20006cbc   0x20006cbc   0x00000010   Data   RO         1293    .constdata          diss_task.o
    0x20006ccc   0x20006ccc   0x00000008   Data   RO         1294    .constdata          diss_task.o
    0x20006cd4   0x20006cd4   0x00000018   Data   RO         1295    .constdata          diss_task.o
    0x20006cec   0x20006cec   0x00000008   Data   RO         1296    .constdata          diss_task.o
    0x20006cf4   0x20006cf4   0x000000e4   Data   RO         1318    .constdata          diss.o
    0x20006dd8   0x20006dd8   0x00000002   Data   RO         1319    .constdata          diss.o
    0x20006dda   0x20006dda   0x00000005   Data   RO         1320    .constdata          diss.o
    0x20006ddf   0x20006ddf   0x00000005   Data   RO         1321    .constdata          diss.o
    0x20006de4   0x20006de4   0x00000005   Data   RO         1322    .constdata          diss.o
    0x20006de9   0x20006de9   0x00000005   Data   RO         1323    .constdata          diss.o
    0x20006dee   0x20006dee   0x00000005   Data   RO         1324    .constdata          diss.o
    0x20006df3   0x20006df3   0x00000005   Data   RO         1325    .constdata          diss.o
    0x20006df8   0x20006df8   0x00000005   Data   RO         1326    .constdata          diss.o
    0x20006dfd   0x20006dfd   0x00000005   Data   RO         1327    .constdata          diss.o
    0x20006e02   0x20006e02   0x00000005   Data   RO         1328    .constdata          diss.o
    0x20006e07   0x20006e07   0x00000001   PAD
    0x20006e08   0x20006e08   0x00000010   Data   RO         1329    .constdata          diss.o
    0x20006e18   0x20006e18   0x00000010   Data   RO         1353    .constdata          app.o
    0x20006e28   0x20006e28   0x000000d0   Data   RO         1410    .constdata          app_task.o
    0x20006ef8   0x20006ef8   0x00000008   Data   RO         1411    .constdata          app_task.o
    0x20006f00   0x20006f00   0x0000000d   Data   RO          719    .conststring        gpio.o
    0x20006f0d   0x20006f0d   0x00000003   PAD
    0x20006f10   0x20006f10   0x00000040   Data   RO         1595    Region$$Table       anon$$obj.o
    0x20006f50   0x20006f50   0x0000000c   Data   RW          120    .data               arch_main.o
    0x20006f5c   0x20006f5c   0x00000013   Data   RW          610    .data               periph_setup.o
    0x20006f6f   0x20006f6f   0x00000013   Data   RW         1267    .data               spotar.o
    0x20006f82   0x20006f82   0x00000013   Data   RW         1268    .data               spotar.o
    0x20006f95   0x20006f95   0x00000013   Data   RW         1269    .data               spotar.o
    0x20006fa8   0x20006fa8   0x00000013   Data   RW         1270    .data               spotar.o
    0x20006fbb   0x20006fbb   0x00000013   Data   RW         1271    .data               spotar.o
    0x20006fce   0x20006fce   0x00000013   Data   RW         1272    .data               spotar.o
    0x20006fe1   0x20006fe1   0x00000001   Data   RW         1439    .data               app_throughput_peripheral_proj.o
    0x20006fe2   0x20006fe2   0x00000002   PAD
    0x20006fe4        -       0x00000150   Zero   RW         1512    spotar_patch_area   app_spotar.o


    Execution Region RW_IRAM50 (Exec base: 0x20008000, Load base: 0x20006fe4, Size: 0x000000bc, Max: 0x00000bf4, ABSOLUTE)

    Exec Addr    Load Addr    Size         Type   Attr      Idx    E Section Name        Object

    0x20008000        -       0x00000006   Zero   RW          607    .bss                periph_setup.o
    0x20008006        -       0x00000002   Zero   RW          826    .bss                pwm.o
    0x20008008        -       0x00000002   Zero   RW          976    .bss                spi.o
    0x2000800a   0x20006fe4   0x00000002   PAD
    0x2000800c        -       0x00000010   Zero   RW          992    .bss                spi_flash.o
    0x2000801c        -       0x00000007   Zero   RW         1196    .bss                streamdatad_task.o
    0x20008023        -       0x00000001   Zero   RW         1198    .bss                streamdatad_task.o
    0x20008024        -       0x00000001   Zero   RW         1352    .bss                app.o
    0x20008025        -       0x00000001   Zero   RW         1436    .bss                app_throughput_peripheral_proj.o
    0x20008026        -       0x00000001   Zero   RW          123    retention_mem_area0  arch_main.o
    0x20008027        -       0x00000004   Zero   RW          569    retention_mem_area0  arch_sleep.o
    0x2000802b   0x20006fe4   0x00000001   PAD
    0x2000802c        -       0x00000014   Zero   RW          648    retention_mem_area0  arch_system.o
    0x20008040        -       0x00000006   Zero   RW         1051    retention_mem_area0  nvds.o
    0x20008046        -       0x00000001   Zero   RW         1089    retention_mem_area0  rwble.o
    0x20008047        -       0x00000001   Zero   RW         1236    retention_mem_area0  spotar_task.o
    0x20008048        -       0x00000008   Zero   RW         1273    retention_mem_area0  spotar.o
    0x20008050        -       0x00000001   Zero   RW         1297    retention_mem_area0  diss_task.o
    0x20008051   0x20006fe4   0x00000001   PAD
    0x20008052        -       0x00000012   Zero   RW         1330    retention_mem_area0  diss.o
    0x20008064        -       0x0000000c   Zero   RW         1354    retention_mem_area0  app.o
    0x20008070        -       0x00000024   Zero   RW         1377    retention_mem_area0  app_sec.o
    0x20008094        -       0x00000001   Zero   RW         1412    retention_mem_area0  app_task.o
    0x20008095   0x20006fe4   0x00000003   PAD
    0x20008098        -       0x00000024   Zero   RW         1511    retention_mem_area0  app_spotar.o


    Execution Region RW_IRAM51 (Exec base: 0x20008bf4, Load base: 0x20006fe4, Size: 0x0000040c, Max: 0x0000040c, ABSOLUTE, UNINIT)

    Exec Addr    Load Addr    Size         Type   Attr      Idx    E Section Name        Object

    0x20008bf4        -       0x0000040c   Zero   RW          500    heap_mem_area_not_ret  jump_table.o


    Execution Region RW_IRAM52 (Exec base: 0x20009000, Load base: 0x20006fe4, Size: 0x00000020, Max: 0x00000020, ABSOLUTE)

    Exec Addr    Load Addr    Size         Type   Attr      Idx    E Section Name        Object

    0x20009000        -       0x00000020   Zero   RW            1    RW_IRAM52.bss       anon$$obj.o


    Execution Region RW_IRAM53 (Exec base: 0x20009020, Load base: 0x20006fe4, Size: 0x000001c4, Max: 0x000001e0, ABSOLUTE)

    Exec Addr    Load Addr    Size         Type   Attr      Idx    E Section Name        Object

    0x20009020        -       0x0000003c   Zero   RW          115    .bss                arch_main.o
    0x2000905c   0x20006fe4   0x00000004   PAD
    0x20009060        -       0x000000c4   Zero   RW          717    .bss                gpio.o
    0x20009124        -       0x0000004c   Zero   RW          795    .bss                uart.o
    0x20009170        -       0x00000026   Zero   RW          825    .bss                pwm.o
    0x20009196        -       0x00000028   Zero   RW         1162    .bss                streamdatad.o
    0x200091be        -       0x00000024   Zero   RW         1433    .bss                app_throughput_peripheral_proj.o


    Execution Region RW_IRAM54 (Exec base: 0x20009200, Load base: 0x20006fe4, Size: 0x00000600, Max: 0x00000600, ABSOLUTE, UNINIT)

    Exec Addr    Load Addr    Size         Type   Attr      Idx    E Section Name        Object

    0x20009200        -       0x00000600   Zero   RW           50    STACK               boot_vectors.o



  Load Region LR_RETENTION_RAM2 (Base: 0x00080768, Size: 0x00000000, Max: 0x00002898, ABSOLUTE)

    Execution Region ZI_RET20 (Exec base: 0x00080768, Load base: 0x00080768, Size: 0x00000a8c, Max: 0x000022b8, ABSOLUTE, UNINIT)

    Exec Addr    Load Addr    Size         Type   Attr      Idx    E Section Name        Object

    0x00080768        -       0x0000040c   Zero   RW          498    heap_db_area        jump_table.o
    0x00080b74        -       0x00000154   Zero   RW          499    heap_env_area       jump_table.o
    0x00080cc8        -       0x0000052c   Zero   RW          501    heap_msg_area       jump_table.o


    Execution Region ZI_RET21 (Exec base: 0x00082a20, Load base: 0x00080768, Size: 0x000005e0, Max: 0x000005e0, ABSOLUTE)

    Exec Addr    Load Addr    Size         Type   Attr      Idx    E Section Name        Object

    0x00082a20        -       0x000005de   Zero   RW          122    BLE_exchange_memory  arch_main.o



  Load Region LR$$.ARM.__AT_0x50000004 (Base: 0x50000004, Size: 0x00000000, Max: 0x00000004, ABSOLUTE)

    Execution Region ER$$.ARM.__AT_0x50000004 (Exec base: 0x50000004, Load base: 0x50000004, Size: 0x00000004, Max: 0x00000004, ABSOLUTE, UNINIT)

    Exec Addr    Load Addr    Size         Type   Attr      Idx    E Section Name        Object

    0x50000004        -       0x00000004   Zero   RW          822    .ARM.__AT_0x50000004  pwm.o



  Load Region LR$$.ARM.__AT_0x50003400 (Base: 0x50003400, Size: 0x00000000, Max: 0x00000004, ABSOLUTE)

    Execution Region ER$$.ARM.__AT_0x50003400 (Exec base: 0x50003400, Load base: 0x50003400, Size: 0x00000004, Max: 0x00000004, ABSOLUTE, UNINIT)

    Exec Addr    Load Addr    Size         Type   Attr      Idx    E Section Name        Object

    0x50003400        -       0x00000004   Zero   RW          823    .ARM.__AT_0x50003400  pwm.o



  Load Region LR$$.ARM.__AT_0x50003410 (Base: 0x50003410, Size: 0x00000000, Max: 0x00000004, ABSOLUTE)

    Execution Region ER$$.ARM.__AT_0x50003410 (Exec base: 0x50003410, Load base: 0x50003410, Size: 0x00000004, Max: 0x00000004, ABSOLUTE, UNINIT)

    Exec Addr    Load Addr    Size         Type   Attr      Idx    E Section Name        Object

    0x50003410        -       0x00000004   Zero   RW          824    .ARM.__AT_0x50003410  pwm.o


==============================================================================

Image component sizes


      Code (inc. data)   RO Data    RW Data    ZI Data      Debug   Object Name

       296         16          0          0          0       2361   adc.o
       404         62         16          0         13       4430   app.o
        64          4          0          0          0       1577   app_dis.o
       356         60          0          0          0       2246   app_dis_task.o
       176         22          0          0         36       3171   app_sec.o
       292         28          0          0          0       2428   app_sec_task.o
      2184         60          0          0        372      12434   app_spotar.o
       352         12          0          0          0       2867   app_spotar_task.o
        64         10          0          0          0       3048   app_streamdatad.o
        38          0          0          0          0       1575   app_streamdatad_task.o
       316          8        216          0          1       5864   app_task.o
      1748        198          0          1         37      10816   app_throughput_peripheral_proj.o
      3936        636         54         12       1563     170116   arch_main.o
       272         20          0          0          4       4544   arch_sleep.o
       724         64          0          0         20      82706   arch_system.o
       236         18          0          0          0         72   atts_task.obj
       108         22        160          0       1536        772   boot_vectors.o
       196         12          0          0          0        108   ch_map.obj
       164         14        291          0         18       6165   diss.o
       252         12         64          0          1       4204   diss_task.o
         0          0        100          0          0       1216   gapm.o
       384         38          0          0          0        112   gapm_util.obj
      1372         94         21          0        196      16425   gpio.o
        92          8          0          0          0      93842   hardfault_handler.o
         2          0        352          0       3736       2928   jump_table.o
       184         18          0          0          0         96   ke_task.obj
       140         16          0          0          0       9133   nmi_handler.o
       632         30          0        164          6       7999   nvds.o
      1688         46          0         19          6       7031   periph_setup.o
       320         36          0          0          0       6775   prf_utils.o
       468         68          0          0         52      14712   pwm.o
       744        176          0          0          0      64940   rf_580.o
       436         42          0          0          1      63629   rwble.o
       392         46          0          0          0      63294   rwip.o
       236          8          0          0          0        136   smpc.obj
       524          6          0          0          0         84   smpc_task.obj
       328          8          0          0          2       2915   spi.o
      1216         18         80          0         16       9758   spi_flash.o
       124         14        114        114          8       5728   spotar.o
      1116         74         80          0          1       6346   spotar_task.o
        36          8         16          0         40       3857   streamdatad.o
       500         44        214          0          8       5610   streamdatad_task.o
        84         14          0          0          0     100573   system_armcm0.o
       288         18          0          0         76       8794   uart.o

    ----------------------------------------------------------------------
     24832       2556       1852        312       7796     817437   Object Totals
      1344        448         64          0         32          0   (incl. Generated)
         4          0         10          2         15          0   (incl. Padding)

    ----------------------------------------------------------------------

      Code (inc. data)   RO Data    RW Data    ZI Data      Debug   Library Member Name

         0          0          0          0          0          0   entry.o
         0          0          0          0          0          0   entry10a.o
         0          0          0          0          0          0   entry11a.o
         8          4          0          0          0          0   entry2.o
         4          0          0          0          0          0   entry5.o
         0          0          0          0          0          0   entry7b.o
         0          0          0          0          0          0   entry8b.o
         8          4          0          0          0          0   entry9a.o
        30          0          0          0          0          0   handlers.o
        36          8          0          0          0         68   init.o
        38          0          0          0          0         68   llsshr.o
        56          0          0          0          0         68   d2f.o
       356          4          0          0          0        140   dadd.o
       240          6          0          0          0         84   ddiv.o
        60         10          0          0          0         68   dfixui.o
        40          0          0          0          0         60   f2d.o
       124          0          0          0          0         72   fdiv.o
       130          0          0          0          0        144   fepilogue.o
        40          0          0          0          0         60   ffixui.o
        14          0          0          0          0         68   ffltui.o
       122          0          0          0          0         72   fmul.o
        24          0          0          0          0         60   fscalb.o

    ----------------------------------------------------------------------
      1336         36          0          0          0       1032   Library Totals
         6          0          0          0          0          0   (incl. Padding)

    ----------------------------------------------------------------------

      Code (inc. data)   RO Data    RW Data    ZI Data      Debug   Library Name

       124         16          0          0          0        136   mc_p.l
      1206         20          0          0          0        896   mf_p.l

    ----------------------------------------------------------------------
      1336         36          0          0          0       1032   Library Totals

    ----------------------------------------------------------------------

==============================================================================


      Code (inc. data)   RO Data    RW Data    ZI Data      Debug   

     26168       2592       1852        312       7796     814177   Grand Totals
     26168       2592       1852        312       7796     814177   ELF Image Totals
     26168       2592       1852        312          0          0   ROM Totals

==============================================================================

    Total RO  Size (Code + RO Data)                28020 (  27.36kB)
    Total RW  Size (RW Data + ZI Data)              8108 (   7.92kB)
    Total ROM Size (Code + RO Data + RW Data)      28332 (  27.67kB)

==============================================================================

