<html>
<body>
<pre>
<h1>µVision Build Log</h1>
<h2>Tool Versions:</h2>
IDE-Version: ¦ÌVision V5.24.2.0
Copyright (C) 2017 ARM Ltd and ARM Germany GmbH. All rights reserved.
License Information: 123 Microsoft, Microsoft, LIC=SDAQD-8NISK-RX4UD-8FI5G-30TQJ-0EN6W
 
Tool Versions:
Toolchain:       MDK-ARM Plus  Version: 5.24.1
Toolchain Path:  D:\Keil_v5\ARM\ARMCC\Bin
C Compiler:      Armcc.exe V5.06 update 5 (build 528)
Assembler:       Armasm.exe V5.06 update 5 (build 528)
Linker/Locator:  ArmLink.exe V5.06 update 5 (build 528)
Library Manager: ArmAr.exe V5.06 update 5 (build 528)
Hex Converter:   FromElf.exe V5.06 update 5 (build 528)
CPU DLL:         SARMCM3.DLL V5.24.1
Dialog DLL:      DARMCM1.DLL V1.18.0.0
Target DLL:      Segger\JL2CM3.dll V2.99.26.0
Dialog DLL:      TARMCM1.DLL V1.13.0.0
 
<h2>Project:</h2>
E:\GitHub\DeviceDriver_M10\code\keil_projects\throughput_eval\throughput_eval_peripheral_fh\fh_project_throughput_eval_peripheral.uvprojx
Project File Date:  05/03/2018

<h2>Output:</h2>
*** Using Compiler 'V5.06 update 5 (build 528)', folder: 'D:\Keil_v5\ARM\ARMCC\Bin'
Rebuild target 'Full_emb_cortex_M0'
assembling boot_vectors.s...
compiling system_ARMCM0.c...
compiling hardfault_handler.c...
compiling jump_table.c...
compiling nmi_handler.c...
compiling arch_sleep.c...
compiling arch_main.c...
..\..\..\src\plf\refip\src\arch\main\ble\arch_main.c(127): warning:  #1215-D: #warning directive: "==============================================================> DEVELOPMENT_DEBUG is set!"
      #warning "==============================================================> DEVELOPMENT_DEBUG is set!"
..\..\..\src\plf\refip\src\arch\main\ble\arch_main.c(682): warning:  #177-D: variable "j"  was declared but never referenced
  	uint8_t j=0;
..\..\..\src\plf\refip\src\arch\main\ble\arch_main.c: 2 warnings, 0 errors
compiling periph_setup.c...
..\..\..\src\modules\app\src\app_project\throughput_eval_peripheral_fh\system\periph_setup.c(73): warning:  #177-D: variable "flag"  was declared but never referenced
    static unsigned char flag = 0;
..\..\..\src\modules\app\src\app_project\throughput_eval_peripheral_fh\system\periph_setup.c(376): warning:  #177-D: variable "j"  was declared but never referenced
  {	  uint8_t j,i; 
..\..\..\src\modules\app\src\app_project\throughput_eval_peripheral_fh\system\periph_setup.c: 2 warnings, 0 errors
compiling gpio.c...
..\..\..\src\plf\refip\src\driver\gpio\gpio.c(63): warning:  #1215-D: #warning directive: "GPIO assignment checking is active! Deactivate before burning OTP..."
  #warning "GPIO assignment checking is active! Deactivate before burning OTP..."
..\..\..\src\plf\refip\src\driver\gpio\gpio.c: 1 warning, 0 errors
compiling arch_system.c...
..\..\..\src\plf\refip\src\arch\main\ble\arch_system.c(608): warning:  #223-D: function "uart_flow_on" declared implicitly
              uart_flow_on();
..\..\..\src\plf\refip\src\arch\main\ble\arch_system.c: 1 warning, 0 errors
compiling rf_580.c...
compiling uart.c...
compiling pwm.c...
compiling spi.c...
compiling adc.c...
compiling spi_flash.c...
compiling gapm.c...
compiling nvds.c...
compiling rwip.c...
compiling streamdatad.c...
compiling prf_utils.c...
compiling rwble.c...
compiling streamdatad_task.c...
compiling spotar_task.c...
compiling spotar.c...
compiling diss_task.c...
compiling diss.c...
compiling app_sec.c...
compiling app.c...
compiling app_task.c...
compiling app_streamdatad.c...
compiling app_sec_task.c...
compiling app_throughput_peripheral_proj.c...
..\..\..\src\modules\app\src\app_project\throughput_eval_peripheral_fh\app_throughput_peripheral_proj.c(168): warning:  #177-D: variable "i"  was declared but never referenced
  	     uint8_t i=0;	
..\..\..\src\modules\app\src\app_project\throughput_eval_peripheral_fh\app_throughput_peripheral_proj.c(641): warning:  #177-D: variable "j"  was declared but never referenced
  	uint8_t j=0;
..\..\..\src\modules\app\src\app_project\throughput_eval_peripheral_fh\app_throughput_peripheral_proj.c(142): warning:  #177-D: variable "MotorTimCnt"  was declared but never referenced
  	static	uint8_t MotorTimCnt=0,MotorFlag=0,LowPower=0,PowerOff=0;
..\..\..\src\modules\app\src\app_project\throughput_eval_peripheral_fh\app_throughput_peripheral_proj.c(142): warning:  #550-D: variable "LowPower"  was set but never used
  	static	uint8_t MotorTimCnt=0,MotorFlag=0,LowPower=0,PowerOff=0;
..\..\..\src\modules\app\src\app_project\throughput_eval_peripheral_fh\app_throughput_peripheral_proj.c: 4 warnings, 0 errors
compiling app_streamdatad_task.c...
compiling app_spotar_task.c...
compiling app_spotar.c...
compiling app_dis_task.c...
compiling app_dis.c...
linking...
Program Size: Code=26512 RO-data=1852 RW-data=312 ZI-data=7800  
FromELF: creating hex file...
".\out\full_emb_sysram.axf" - 0 Error(s), 10 Warning(s).

<h2>Software Packages used:</h2>

Package Vendor: ARM
                http://www.keil.com/pack/ARM.CMSIS.5.0.1.pack
                ARM.CMSIS.5.0.1
                CMSIS (Cortex Microcontroller Software Interface Standard)
   * Component: CORE Version: 5.0.1

<h2>Collection of Component include folders:</h2>
  .\RTE\_Full_emb_cortex_M0
  D:\Keil_v5\ARM\PACK\ARM\CMSIS\5.0.1\CMSIS\Include
  D:\Keil_v5\ARM\PACK\ARM\CMSIS\5.0.1\Device\ARM\ARMCM0\Include

<h2>Collection of Component Files used:</h2>

   * Component: ARM::CMSIS:CORE:5.0.1
Build Time Elapsed:  00:00:13
</pre>
</body>
</html>
